Archive member included to satisfy reference by file (symbol)

/Applications/STM32CubeIDE.app/Contents/Eclipse/plugins/com.st.stm32cube.ide.mcu.externaltools.gnu-tools-for-stm32.7-2018-q2-update.macos64_1.0.0.201904181610/tools/bin/../lib/gcc/arm-none-eabi/7.3.1/../../../../arm-none-eabi/lib/thumb/v7-m/libc_nano.a(lib_a-errno.o)
                              Core/Src/syscalls.o (__errno)
/Applications/STM32CubeIDE.app/Contents/Eclipse/plugins/com.st.stm32cube.ide.mcu.externaltools.gnu-tools-for-stm32.7-2018-q2-update.macos64_1.0.0.201904181610/tools/bin/../lib/gcc/arm-none-eabi/7.3.1/../../../../arm-none-eabi/lib/thumb/v7-m/libc_nano.a(lib_a-exit.o)
                              /Applications/STM32CubeIDE.app/Contents/Eclipse/plugins/com.st.stm32cube.ide.mcu.externaltools.gnu-tools-for-stm32.7-2018-q2-update.macos64_1.0.0.201904181610/tools/bin/../lib/gcc/arm-none-eabi/7.3.1/../../../../arm-none-eabi/lib/thumb/v7-m/crt0.o (exit)
/Applications/STM32CubeIDE.app/Contents/Eclipse/plugins/com.st.stm32cube.ide.mcu.externaltools.gnu-tools-for-stm32.7-2018-q2-update.macos64_1.0.0.201904181610/tools/bin/../lib/gcc/arm-none-eabi/7.3.1/../../../../arm-none-eabi/lib/thumb/v7-m/libc_nano.a(lib_a-impure.o)
                              /Applications/STM32CubeIDE.app/Contents/Eclipse/plugins/com.st.stm32cube.ide.mcu.externaltools.gnu-tools-for-stm32.7-2018-q2-update.macos64_1.0.0.201904181610/tools/bin/../lib/gcc/arm-none-eabi/7.3.1/../../../../arm-none-eabi/lib/thumb/v7-m/libc_nano.a(lib_a-exit.o) (_global_impure_ptr)
/Applications/STM32CubeIDE.app/Contents/Eclipse/plugins/com.st.stm32cube.ide.mcu.externaltools.gnu-tools-for-stm32.7-2018-q2-update.macos64_1.0.0.201904181610/tools/bin/../lib/gcc/arm-none-eabi/7.3.1/../../../../arm-none-eabi/lib/thumb/v7-m/libc_nano.a(lib_a-init.o)
                              /Applications/STM32CubeIDE.app/Contents/Eclipse/plugins/com.st.stm32cube.ide.mcu.externaltools.gnu-tools-for-stm32.7-2018-q2-update.macos64_1.0.0.201904181610/tools/bin/../lib/gcc/arm-none-eabi/7.3.1/../../../../arm-none-eabi/lib/thumb/v7-m/crt0.o (__libc_init_array)
/Applications/STM32CubeIDE.app/Contents/Eclipse/plugins/com.st.stm32cube.ide.mcu.externaltools.gnu-tools-for-stm32.7-2018-q2-update.macos64_1.0.0.201904181610/tools/bin/../lib/gcc/arm-none-eabi/7.3.1/../../../../arm-none-eabi/lib/thumb/v7-m/libc_nano.a(lib_a-memset.o)
                              /Applications/STM32CubeIDE.app/Contents/Eclipse/plugins/com.st.stm32cube.ide.mcu.externaltools.gnu-tools-for-stm32.7-2018-q2-update.macos64_1.0.0.201904181610/tools/bin/../lib/gcc/arm-none-eabi/7.3.1/../../../../arm-none-eabi/lib/thumb/v7-m/crt0.o (memset)

Allocating common symbols
Common symbol       size              file

hUsbDeviceFS        0x2c4             USB_DEVICE/App/usb_device.o
uwTick              0x4               Drivers/STM32F1xx_HAL_Driver/Src/stm32f1xx_hal.o
pFlash              0x20              Drivers/STM32F1xx_HAL_Driver/Src/stm32f1xx_hal_flash.o
UserRxBufferFS      0x3e8             USB_DEVICE/App/usbd_cdc_if.o
hadc1               0x30              Core/Src/adc.o
UserTxBufferFS      0x3e8             USB_DEVICE/App/usbd_cdc_if.o
hpcd_USB_FS         0x26c             USB_DEVICE/Target/usbd_conf.o
USBD_StrDesc        0x200             USB_DEVICE/App/usbd_desc.o

Discarded input sections

 .text          0x0000000000000000        0x0 /Applications/STM32CubeIDE.app/Contents/Eclipse/plugins/com.st.stm32cube.ide.mcu.externaltools.gnu-tools-for-stm32.7-2018-q2-update.macos64_1.0.0.201904181610/tools/bin/../lib/gcc/arm-none-eabi/7.3.1/thumb/v7-m/crti.o
 .data          0x0000000000000000        0x0 /Applications/STM32CubeIDE.app/Contents/Eclipse/plugins/com.st.stm32cube.ide.mcu.externaltools.gnu-tools-for-stm32.7-2018-q2-update.macos64_1.0.0.201904181610/tools/bin/../lib/gcc/arm-none-eabi/7.3.1/thumb/v7-m/crti.o
 .bss           0x0000000000000000        0x0 /Applications/STM32CubeIDE.app/Contents/Eclipse/plugins/com.st.stm32cube.ide.mcu.externaltools.gnu-tools-for-stm32.7-2018-q2-update.macos64_1.0.0.201904181610/tools/bin/../lib/gcc/arm-none-eabi/7.3.1/thumb/v7-m/crti.o
 .data          0x0000000000000000        0x4 /Applications/STM32CubeIDE.app/Contents/Eclipse/plugins/com.st.stm32cube.ide.mcu.externaltools.gnu-tools-for-stm32.7-2018-q2-update.macos64_1.0.0.201904181610/tools/bin/../lib/gcc/arm-none-eabi/7.3.1/thumb/v7-m/crtbegin.o
 .text          0x0000000000000000       0x74 /Applications/STM32CubeIDE.app/Contents/Eclipse/plugins/com.st.stm32cube.ide.mcu.externaltools.gnu-tools-for-stm32.7-2018-q2-update.macos64_1.0.0.201904181610/tools/bin/../lib/gcc/arm-none-eabi/7.3.1/../../../../arm-none-eabi/lib/thumb/v7-m/crt0.o
 .data          0x0000000000000000        0x0 /Applications/STM32CubeIDE.app/Contents/Eclipse/plugins/com.st.stm32cube.ide.mcu.externaltools.gnu-tools-for-stm32.7-2018-q2-update.macos64_1.0.0.201904181610/tools/bin/../lib/gcc/arm-none-eabi/7.3.1/../../../../arm-none-eabi/lib/thumb/v7-m/crt0.o
[...]
Memory Configuration

Name             Origin             Length             Attributes
RAM              0x0000000020000000 0x0000000000005000 xrw
FLASH            0x0000000008000000 0x0000000000010000 xr
*default*        0x0000000000000000 0xffffffffffffffff

Linker script and memory map

LOAD /Applications/STM32CubeIDE.app/Contents/Eclipse/plugins/com.st.stm32cube.ide.mcu.externaltools.gnu-tools-for-stm32.7-2018-q2-update.macos64_1.0.0.201904181610/tools/bin/../lib/gcc/arm-none-eabi/7.3.1/thumb/v7-m/crti.o
LOAD /Applications/STM32CubeIDE.app/Contents/Eclipse/plugins/com.st.stm32cube.ide.mcu.externaltools.gnu-tools-for-stm32.7-2018-q2-update.macos64_1.0.0.201904181610/tools/bin/../lib/gcc/arm-none-eabi/7.3.1/thumb/v7-m/crtbegin.o
LOAD /Applications/STM32CubeIDE.app/Contents/Eclipse/plugins/com.st.stm32cube.ide.mcu.externaltools.gnu-tools-for-stm32.7-2018-q2-update.macos64_1.0.0.201904181610/tools/bin/../lib/gcc/arm-none-eabi/7.3.1/../../../../arm-none-eabi/lib/thumb/v7-m/crt0.o
LOAD Core/Src/adc.o
LOAD Core/Src/gpio.o
LOAD Core/Src/main.o
LOAD Core/Src/stm32f1xx_hal_msp.o
LOAD Core/Src/stm32f1xx_it.o
LOAD Core/Src/syscalls.o
LOAD Core/Src/sysmem.o
LOAD Core/Src/system_stm32f1xx.o
LOAD Core/Startup/startup_stm32f103c8tx.o
LOAD Drivers/STM32F1xx_HAL_Driver/Src/stm32f1xx_hal.o
LOAD Drivers/STM32F1xx_HAL_Driver/Src/stm32f1xx_hal_adc.o
LOAD Drivers/STM32F1xx_HAL_Driver/Src/stm32f1xx_hal_adc_ex.o
LOAD Drivers/STM32F1xx_HAL_Driver/Src/stm32f1xx_hal_cortex.o
LOAD Drivers/STM32F1xx_HAL_Driver/Src/stm32f1xx_hal_dma.o
LOAD Drivers/STM32F1xx_HAL_Driver/Src/stm32f1xx_hal_exti.o
LOAD Drivers/STM32F1xx_HAL_Driver/Src/stm32f1xx_hal_flash.o
LOAD Drivers/STM32F1xx_HAL_Driver/Src/stm32f1xx_hal_flash_ex.o
LOAD Drivers/STM32F1xx_HAL_Driver/Src/stm32f1xx_hal_gpio.o
LOAD Drivers/STM32F1xx_HAL_Driver/Src/stm32f1xx_hal_gpio_ex.o
LOAD Drivers/STM32F1xx_HAL_Driver/Src/stm32f1xx_hal_pcd.o
LOAD Drivers/STM32F1xx_HAL_Driver/Src/stm32f1xx_hal_pcd_ex.o
LOAD Drivers/STM32F1xx_HAL_Driver/Src/stm32f1xx_hal_pwr.o
LOAD Drivers/STM32F1xx_HAL_Driver/Src/stm32f1xx_hal_rcc.o
LOAD Drivers/STM32F1xx_HAL_Driver/Src/stm32f1xx_hal_rcc_ex.o
LOAD Drivers/STM32F1xx_HAL_Driver/Src/stm32f1xx_hal_tim.o
LOAD Drivers/STM32F1xx_HAL_Driver/Src/stm32f1xx_hal_tim_ex.o
LOAD Drivers/STM32F1xx_HAL_Driver/Src/stm32f1xx_ll_usb.o
LOAD Middlewares/ST/STM32_USB_Device_Library/Class/CDC/Src/usbd_cdc.o
LOAD Middlewares/ST/STM32_USB_Device_Library/Core/Src/usbd_core.o
LOAD Middlewares/ST/STM32_USB_Device_Library/Core/Src/usbd_ctlreq.o
LOAD Middlewares/ST/STM32_USB_Device_Library/Core/Src/usbd_ioreq.o
LOAD USB_DEVICE/App/usb_device.o
LOAD USB_DEVICE/App/usbd_cdc_if.o
LOAD USB_DEVICE/App/usbd_desc.o
LOAD USB_DEVICE/Target/usbd_conf.o
START GROUP
LOAD /Applications/STM32CubeIDE.app/Contents/Eclipse/plugins/com.st.stm32cube.ide.mcu.externaltools.gnu-tools-for-stm32.7-2018-q2-update.macos64_1.0.0.201904181610/tools/bin/../lib/gcc/arm-none-eabi/7.3.1/../../../../arm-none-eabi/lib/thumb/v7-m/libstdc++_nano.a
LOAD /Applications/STM32CubeIDE.app/Contents/Eclipse/plugins/com.st.stm32cube.ide.mcu.externaltools.gnu-tools-for-stm32.7-2018-q2-update.macos64_1.0.0.201904181610/tools/bin/../lib/gcc/arm-none-eabi/7.3.1/../../../../arm-none-eabi/lib/thumb/v7-m/libsupc++_nano.a
END GROUP
LOAD /Applications/STM32CubeIDE.app/Contents/Eclipse/plugins/com.st.stm32cube.ide.mcu.externaltools.gnu-tools-for-stm32.7-2018-q2-update.macos64_1.0.0.201904181610/tools/bin/../lib/gcc/arm-none-eabi/7.3.1/../../../../arm-none-eabi/lib/thumb/v7-m/libstdc++_nano.a
LOAD /Applications/STM32CubeIDE.app/Contents/Eclipse/plugins/com.st.stm32cube.ide.mcu.externaltools.gnu-tools-for-stm32.7-2018-q2-update.macos64_1.0.0.201904181610/tools/bin/../lib/gcc/arm-none-eabi/7.3.1/../../../../arm-none-eabi/lib/thumb/v7-m/libm.a
LOAD /Applications/STM32CubeIDE.app/Contents/Eclipse/plugins/com.st.stm32cube.ide.mcu.externaltools.gnu-tools-for-stm32.7-2018-q2-update.macos64_1.0.0.201904181610/tools/bin/../lib/gcc/arm-none-eabi/7.3.1/../../../../arm-none-eabi/lib/thumb/v7-m/libc_nano.a
START GROUP
LOAD /Applications/STM32CubeIDE.app/Contents/Eclipse/plugins/com.st.stm32cube.ide.mcu.externaltools.gnu-tools-for-stm32.7-2018-q2-update.macos64_1.0.0.201904181610/tools/bin/../lib/gcc/arm-none-eabi/7.3.1/thumb/v7-m/libgcc.a
LOAD /Applications/STM32CubeIDE.app/Contents/Eclipse/plugins/com.st.stm32cube.ide.mcu.externaltools.gnu-tools-for-stm32.7-2018-q2-update.macos64_1.0.0.201904181610/tools/bin/../lib/gcc/arm-none-eabi/7.3.1/../../../../arm-none-eabi/lib/thumb/v7-m/libc_nano.a
END GROUP
START GROUP
LOAD /Applications/STM32CubeIDE.app/Contents/Eclipse/plugins/com.st.stm32cube.ide.mcu.externaltools.gnu-tools-for-stm32.7-2018-q2-update.macos64_1.0.0.201904181610/tools/bin/../lib/gcc/arm-none-eabi/7.3.1/thumb/v7-m/libgcc.a
LOAD /Applications/STM32CubeIDE.app/Contents/Eclipse/plugins/com.st.stm32cube.ide.mcu.externaltools.gnu-tools-for-stm32.7-2018-q2-update.macos64_1.0.0.201904181610/tools/bin/../lib/gcc/arm-none-eabi/7.3.1/../../../../arm-none-eabi/lib/thumb/v7-m/libc_nano.a
LOAD /Applications/STM32CubeIDE.app/Contents/Eclipse/plugins/com.st.stm32cube.ide.mcu.externaltools.gnu-tools-for-stm32.7-2018-q2-update.macos64_1.0.0.201904181610/tools/bin/../lib/gcc/arm-none-eabi/7.3.1/../../../../arm-none-eabi/lib/thumb/v7-m/libnosys.a
END GROUP
START GROUP
LOAD /Applications/STM32CubeIDE.app/Contents/Eclipse/plugins/com.st.stm32cube.ide.mcu.externaltools.gnu-tools-for-stm32.7-2018-q2-update.macos64_1.0.0.201904181610/tools/bin/../lib/gcc/arm-none-eabi/7.3.1/thumb/v7-m/libgcc.a
LOAD /Applications/STM32CubeIDE.app/Contents/Eclipse/plugins/com.st.stm32cube.ide.mcu.externaltools.gnu-tools-for-stm32.7-2018-q2-update.macos64_1.0.0.201904181610/tools/bin/../lib/gcc/arm-none-eabi/7.3.1/../../../../arm-none-eabi/lib/thumb/v7-m/libc_nano.a
LOAD /Applications/STM32CubeIDE.app/Contents/Eclipse/plugins/com.st.stm32cube.ide.mcu.externaltools.gnu-tools-for-stm32.7-2018-q2-update.macos64_1.0.0.201904181610/tools/bin/../lib/gcc/arm-none-eabi/7.3.1/../../../../arm-none-eabi/lib/thumb/v7-m/libnosys.a
END GROUP
LOAD /Applications/STM32CubeIDE.app/Contents/Eclipse/plugins/com.st.stm32cube.ide.mcu.externaltools.gnu-tools-for-stm32.7-2018-q2-update.macos64_1.0.0.201904181610/tools/bin/../lib/gcc/arm-none-eabi/7.3.1/thumb/v7-m/crtend.o
LOAD /Applications/STM32CubeIDE.app/Contents/Eclipse/plugins/com.st.stm32cube.ide.mcu.externaltools.gnu-tools-for-stm32.7-2018-q2-update.macos64_1.0.0.201904181610/tools/bin/../lib/gcc/arm-none-eabi/7.3.1/thumb/v7-m/crtn.o
                0x0000000020005000                _estack = (ORIGIN (RAM) + LENGTH (RAM))
                0x0000000000000200                _Min_Heap_Size = 0x200
                0x0000000000000400                _Min_Stack_Size = 0x400

.isr_vector     0x0000000008000000      0x10c
                0x0000000008000000                . = ALIGN (0x4)
 *(.isr_vector)
 .isr_vector    0x0000000008000000      0x10c Core/Startup/startup_stm32f103c8tx.o
                0x0000000008000000                g_pfnVectors
                0x000000000800010c                . = ALIGN (0x4)

.text           0x000000000800010c     0x5894
                0x000000000800010c                . = ALIGN (0x4)
 *(.text)
 .text          0x000000000800010c       0x40 /Applications/STM32CubeIDE.app/Contents/Eclipse/plugins/com.st.stm32cube.ide.mcu.externaltools.gnu-tools-for-stm32.7-2018-q2-update.macos64_1.0.0.201904181610/tools/bin/../lib/gcc/arm-none-eabi/7.3.1/thumb/v7-m/crtbegin.o
 *(.text*)
 .text.MX_ADC1_Init
                0x000000000800014c       0x7c Core/Src/adc.o
                0x000000000800014c                MX_ADC1_Init
 .text.HAL_ADC_MspInit
                0x00000000080001c8       0xa8 Core/Src/adc.o
                0x00000000080001c8                HAL_ADC_MspInit
 .text.MX_GPIO_Init
                0x0000000008000270       0xbc Core/Src/gpio.o
                0x0000000008000270                MX_GPIO_Init
 .text.main     0x000000000800032c       0x40 Core/Src/main.o
                0x000000000800032c                main
 .text.SystemClock_Config
                0x000000000800036c       0xba Core/Src/main.o
                0x000000000800036c                SystemClock_Config
 .text.Error_Handler
                0x0000000008000426        0xc Core/Src/main.o
                0x0000000008000426                Error_Handler
 *fill*         0x0000000008000432        0x2 
 .text.HAL_MspInit
                0x0000000008000434       0x64 Core/Src/stm32f1xx_hal_msp.o
                0x0000000008000434                HAL_MspInit
 .text.NMI_Handler
                0x0000000008000498        0xc Core/Src/stm32f1xx_it.o
                0x0000000008000498                NMI_Handler
 .text.HardFault_Handler
                0x00000000080004a4        0x6 Core/Src/stm32f1xx_it.o
                0x00000000080004a4                HardFault_Handler
 .text.MemManage_Handler
                0x00000000080004aa        0x6 Core/Src/stm32f1xx_it.o
                0x00000000080004aa                MemManage_Handler
 .text.BusFault_Handler
                0x00000000080004b0        0x6 Core/Src/stm32f1xx_it.o
                0x00000000080004b0                BusFault_Handler
 .text.UsageFault_Handler
                0x00000000080004b6        0x6 Core/Src/stm32f1xx_it.o
                0x00000000080004b6                UsageFault_Handler
 .text.SVC_Handler
                0x00000000080004bc        0xc Core/Src/stm32f1xx_it.o
                0x00000000080004bc                SVC_Handler
 .text.DebugMon_Handler
                0x00000000080004c8        0xc Core/Src/stm32f1xx_it.o
                0x00000000080004c8                DebugMon_Handler
 .text.PendSV_Handler
                0x00000000080004d4        0xc Core/Src/stm32f1xx_it.o
                0x00000000080004d4                PendSV_Handler
 .text.SysTick_Handler
                0x00000000080004e0        0xc Core/Src/stm32f1xx_it.o
                0x00000000080004e0                SysTick_Handler
 .text.USB_LP_CAN1_RX0_IRQHandler
                0x00000000080004ec       0x14 Core/Src/stm32f1xx_it.o
                0x00000000080004ec                USB_LP_CAN1_RX0_IRQHandler
 .text.SystemInit
                0x0000000008000500       0x68 Core/Src/system_stm32f1xx.o
                0x0000000008000500                SystemInit
 .text.Reset_Handler
                0x0000000008000568       0x48 Core/Startup/startup_stm32f103c8tx.o
                0x0000000008000568                Reset_Handler
 .text.Default_Handler
                0x00000000080005b0        0x2 Core/Startup/startup_stm32f103c8tx.o
                0x00000000080005b0                USBWakeUp_IRQHandler
                0x00000000080005b0                EXTI2_IRQHandler
                0x00000000080005b0                TIM1_CC_IRQHandler
                0x00000000080005b0                PVD_IRQHandler
                0x00000000080005b0                EXTI3_IRQHandler
                0x00000000080005b0                EXTI0_IRQHandler
                0x00000000080005b0                I2C2_EV_IRQHandler
                0x00000000080005b0                ADC1_2_IRQHandler
                0x00000000080005b0                SPI1_IRQHandler
                0x00000000080005b0                TAMPER_IRQHandler
                0x00000000080005b0                DMA1_Channel4_IRQHandler
                0x00000000080005b0                USART3_IRQHandler
                0x00000000080005b0                RTC_IRQHandler
                0x00000000080005b0                DMA1_Channel7_IRQHandler
                0x00000000080005b0                CAN1_RX1_IRQHandler
                0x00000000080005b0                TIM4_IRQHandler
                0x00000000080005b0                I2C1_EV_IRQHandler
                0x00000000080005b0                DMA1_Channel6_IRQHandler
                0x00000000080005b0                TIM3_IRQHandler
                0x00000000080005b0                RCC_IRQHandler
                0x00000000080005b0                TIM1_TRG_COM_IRQHandler
                0x00000000080005b0                DMA1_Channel1_IRQHandler
                0x00000000080005b0                Default_Handler
                0x00000000080005b0                EXTI15_10_IRQHandler
                0x00000000080005b0                EXTI9_5_IRQHandler
                0x00000000080005b0                SPI2_IRQHandler
                0x00000000080005b0                DMA1_Channel5_IRQHandler
                0x00000000080005b0                EXTI4_IRQHandler
                0x00000000080005b0                USB_HP_CAN1_TX_IRQHandler
                0x00000000080005b0                DMA1_Channel3_IRQHandler
                0x00000000080005b0                TIM1_UP_IRQHandler
                0x00000000080005b0                WWDG_IRQHandler
                0x00000000080005b0                TIM2_IRQHandler
                0x00000000080005b0                TIM1_BRK_IRQHandler
                0x00000000080005b0                EXTI1_IRQHandler
                0x00000000080005b0                USART2_IRQHandler
                0x00000000080005b0                I2C2_ER_IRQHandler
                0x00000000080005b0                DMA1_Channel2_IRQHandler
                0x00000000080005b0                CAN1_SCE_IRQHandler
                0x00000000080005b0                FLASH_IRQHandler
                0x00000000080005b0                USART1_IRQHandler
                0x00000000080005b0                I2C1_ER_IRQHandler
                0x00000000080005b0                RTC_Alarm_IRQHandler
 *fill*         0x00000000080005b2        0x2 
 .text.HAL_Init
                0x00000000080005b4       0x2c Drivers/STM32F1xx_HAL_Driver/Src/stm32f1xx_hal.o
                0x00000000080005b4                HAL_Init
 .text.HAL_InitTick
                0x00000000080005e0       0x60 Drivers/STM32F1xx_HAL_Driver/Src/stm32f1xx_hal.o
                0x00000000080005e0                HAL_InitTick
 .text.HAL_IncTick
                0x0000000008000640       0x24 Drivers/STM32F1xx_HAL_Driver/Src/stm32f1xx_hal.o
                0x0000000008000640                HAL_IncTick
 .text.HAL_GetTick
                0x0000000008000664       0x14 Drivers/STM32F1xx_HAL_Driver/Src/stm32f1xx_hal.o
                0x0000000008000664                HAL_GetTick
 .text.HAL_Delay
                0x0000000008000678       0x44 Drivers/STM32F1xx_HAL_Driver/Src/stm32f1xx_hal.o
                0x0000000008000678                HAL_Delay
 .text.HAL_ADC_Init
                0x00000000080006bc      0x1b0 Drivers/STM32F1xx_HAL_Driver/Src/stm32f1xx_hal_adc.o
                0x00000000080006bc                HAL_ADC_Init
 .text.HAL_ADC_ConfigChannel
                0x000000000800086c      0x1f0 Drivers/STM32F1xx_HAL_Driver/Src/stm32f1xx_hal_adc.o
                0x000000000800086c                HAL_ADC_ConfigChannel
 .text.ADC_ConversionStop_Disable
                0x0000000008000a5c       0x74 Drivers/STM32F1xx_HAL_Driver/Src/stm32f1xx_hal_adc.o
                0x0000000008000a5c                ADC_ConversionStop_Disable
 .text.__NVIC_SetPriorityGrouping
                0x0000000008000ad0       0x48 Drivers/STM32F1xx_HAL_Driver/Src/stm32f1xx_hal_cortex.o
 .text.__NVIC_GetPriorityGrouping
                0x0000000008000b18       0x1c Drivers/STM32F1xx_HAL_Driver/Src/stm32f1xx_hal_cortex.o
 .text.__NVIC_EnableIRQ
                0x0000000008000b34       0x38 Drivers/STM32F1xx_HAL_Driver/Src/stm32f1xx_hal_cortex.o
 .text.__NVIC_SetPriority
                0x0000000008000b6c       0x54 Drivers/STM32F1xx_HAL_Driver/Src/stm32f1xx_hal_cortex.o
 .text.NVIC_EncodePriority
                0x0000000008000bc0       0x64 Drivers/STM32F1xx_HAL_Driver/Src/stm32f1xx_hal_cortex.o
 .text.SysTick_Config
                0x0000000008000c24       0x44 Drivers/STM32F1xx_HAL_Driver/Src/stm32f1xx_hal_cortex.o
 .text.HAL_NVIC_SetPriorityGrouping
                0x0000000008000c68       0x16 Drivers/STM32F1xx_HAL_Driver/Src/stm32f1xx_hal_cortex.o
                0x0000000008000c68                HAL_NVIC_SetPriorityGrouping
 .text.HAL_NVIC_SetPriority
                0x0000000008000c7e       0x38 Drivers/STM32F1xx_HAL_Driver/Src/stm32f1xx_hal_cortex.o
                0x0000000008000c7e                HAL_NVIC_SetPriority
 .text.HAL_NVIC_EnableIRQ
                0x0000000008000cb6       0x1c Drivers/STM32F1xx_HAL_Driver/Src/stm32f1xx_hal_cortex.o
                0x0000000008000cb6                HAL_NVIC_EnableIRQ
 .text.HAL_SYSTICK_Config
                0x0000000008000cd2       0x18 Drivers/STM32F1xx_HAL_Driver/Src/stm32f1xx_hal_cortex.o
                0x0000000008000cd2                HAL_SYSTICK_Config
 *fill*         0x0000000008000cea        0x2 
 .text.HAL_GPIO_Init
                0x0000000008000cec      0x2b4 Drivers/STM32F1xx_HAL_Driver/Src/stm32f1xx_hal_gpio.o
                0x0000000008000cec                HAL_GPIO_Init
 .text.HAL_PCD_Init
                0x0000000008000fa0      0x1c2 Drivers/STM32F1xx_HAL_Driver/Src/stm32f1xx_hal_pcd.o
                0x0000000008000fa0                HAL_PCD_Init
 .text.HAL_PCD_Start
                0x0000000008001162       0x4c Drivers/STM32F1xx_HAL_Driver/Src/stm32f1xx_hal_pcd.o
                0x0000000008001162                HAL_PCD_Start
 .text.HAL_PCD_IRQHandler
                0x00000000080011ae      0x21c Drivers/STM32F1xx_HAL_Driver/Src/stm32f1xx_hal_pcd.o
                0x00000000080011ae                HAL_PCD_IRQHandler
 .text.HAL_PCD_SetAddress
                0x00000000080013ca       0x4a Drivers/STM32F1xx_HAL_Driver/Src/stm32f1xx_hal_pcd.o
                0x00000000080013ca                HAL_PCD_SetAddress
 .text.HAL_PCD_EP_Open
                0x0000000008001414       0xc0 Drivers/STM32F1xx_HAL_Driver/Src/stm32f1xx_hal_pcd.o
                0x0000000008001414                HAL_PCD_EP_Open
 .text.HAL_PCD_EP_Close
                0x00000000080014d4       0x84 Drivers/STM32F1xx_HAL_Driver/Src/stm32f1xx_hal_pcd.o
                0x00000000080014d4                HAL_PCD_EP_Close
 .text.HAL_PCD_EP_Receive
                0x0000000008001558       0x74 Drivers/STM32F1xx_HAL_Driver/Src/stm32f1xx_hal_pcd.o
                0x0000000008001558                HAL_PCD_EP_Receive
 .text.HAL_PCD_EP_GetRxCount
                0x00000000080015cc       0x28 Drivers/STM32F1xx_HAL_Driver/Src/stm32f1xx_hal_pcd.o
                0x00000000080015cc                HAL_PCD_EP_GetRxCount
 .text.HAL_PCD_EP_Transmit
                0x00000000080015f4       0x72 Drivers/STM32F1xx_HAL_Driver/Src/stm32f1xx_hal_pcd.o
                0x00000000080015f4                HAL_PCD_EP_Transmit
 .text.HAL_PCD_EP_SetStall
                0x0000000008001666       0xb4 Drivers/STM32F1xx_HAL_Driver/Src/stm32f1xx_hal_pcd.o
                0x0000000008001666                HAL_PCD_EP_SetStall
 .text.HAL_PCD_EP_ClrStall
                0x000000000800171a       0x9c Drivers/STM32F1xx_HAL_Driver/Src/stm32f1xx_hal_pcd.o
                0x000000000800171a                HAL_PCD_EP_ClrStall
 *fill*         0x00000000080017b6        0x2 
 .text.PCD_EP_ISR_Handler
                0x00000000080017b8      0x534 Drivers/STM32F1xx_HAL_Driver/Src/stm32f1xx_hal_pcd.o
 .text.HAL_PCDEx_PMAConfig
                0x0000000008001cec       0x78 Drivers/STM32F1xx_HAL_Driver/Src/stm32f1xx_hal_pcd_ex.o
                0x0000000008001cec                HAL_PCDEx_PMAConfig
 .text.HAL_RCC_OscConfig
                0x0000000008001d64      0x500 Drivers/STM32F1xx_HAL_Driver/Src/stm32f1xx_hal_rcc.o
                0x0000000008001d64                HAL_RCC_OscConfig
 .text.HAL_RCC_ClockConfig
                0x0000000008002264      0x1d4 Drivers/STM32F1xx_HAL_Driver/Src/stm32f1xx_hal_rcc.o
                0x0000000008002264                HAL_RCC_ClockConfig
 .text.HAL_RCC_GetSysClockFreq
                0x0000000008002438       0xc4 Drivers/STM32F1xx_HAL_Driver/Src/stm32f1xx_hal_rcc.o
                0x0000000008002438                HAL_RCC_GetSysClockFreq
 .text.RCC_Delay
                0x00000000080024fc       0x3c Drivers/STM32F1xx_HAL_Driver/Src/stm32f1xx_hal_rcc.o
 .text.HAL_RCCEx_PeriphCLKConfig
                0x0000000008002538      0x16c Drivers/STM32F1xx_HAL_Driver/Src/stm32f1xx_hal_rcc_ex.o
                0x0000000008002538                HAL_RCCEx_PeriphCLKConfig
 .text.USB_CoreInit
                0x00000000080026a4       0x20 Drivers/STM32F1xx_HAL_Driver/Src/stm32f1xx_ll_usb.o
                0x00000000080026a4                USB_CoreInit
 .text.USB_EnableGlobalInt
                0x00000000080026c4       0x2e Drivers/STM32F1xx_HAL_Driver/Src/stm32f1xx_ll_usb.o
                0x00000000080026c4                USB_EnableGlobalInt
 .text.USB_DisableGlobalInt
                0x00000000080026f2       0x38 Drivers/STM32F1xx_HAL_Driver/Src/stm32f1xx_ll_usb.o
                0x00000000080026f2                USB_DisableGlobalInt
 .text.USB_SetCurrentMode
                0x000000000800272a       0x18 Drivers/STM32F1xx_HAL_Driver/Src/stm32f1xx_ll_usb.o
                0x000000000800272a                USB_SetCurrentMode
 .text.USB_DevInit
                0x0000000008002742       0x48 Drivers/STM32F1xx_HAL_Driver/Src/stm32f1xx_ll_usb.o
                0x0000000008002742                USB_DevInit
 *fill*         0x000000000800278a        0x2 
 .text.USB_ActivateEndpoint
                0x000000000800278c      0x5dc Drivers/STM32F1xx_HAL_Driver/Src/stm32f1xx_ll_usb.o
                0x000000000800278c                USB_ActivateEndpoint
 .text.USB_DeactivateEndpoint
                0x0000000008002d68      0x32c Drivers/STM32F1xx_HAL_Driver/Src/stm32f1xx_ll_usb.o
                0x0000000008002d68                USB_DeactivateEndpoint
 .text.USB_EPStartXfer
                0x0000000008003094      0x570 Drivers/STM32F1xx_HAL_Driver/Src/stm32f1xx_ll_usb.o
                0x0000000008003094                USB_EPStartXfer
 .text.USB_EPSetStall
                0x0000000008003604       0x84 Drivers/STM32F1xx_HAL_Driver/Src/stm32f1xx_ll_usb.o
                0x0000000008003604                USB_EPSetStall
 .text.USB_EPClearStall
                0x0000000008003688      0x128 Drivers/STM32F1xx_HAL_Driver/Src/stm32f1xx_ll_usb.o
                0x0000000008003688                USB_EPClearStall
 .text.USB_SetDevAddress
                0x00000000080037b0       0x26 Drivers/STM32F1xx_HAL_Driver/Src/stm32f1xx_ll_usb.o
                0x00000000080037b0                USB_SetDevAddress
 .text.USB_DevConnect
                0x00000000080037d6       0x14 Drivers/STM32F1xx_HAL_Driver/Src/stm32f1xx_ll_usb.o
                0x00000000080037d6                USB_DevConnect
 .text.USB_DevDisconnect
                0x00000000080037ea       0x14 Drivers/STM32F1xx_HAL_Driver/Src/stm32f1xx_ll_usb.o
                0x00000000080037ea                USB_DevDisconnect
 .text.USB_ReadInterrupts
                0x00000000080037fe       0x1e Drivers/STM32F1xx_HAL_Driver/Src/stm32f1xx_ll_usb.o
                0x00000000080037fe                USB_ReadInterrupts
 .text.USB_EP0_OutStart
                0x000000000800381c       0x16 Drivers/STM32F1xx_HAL_Driver/Src/stm32f1xx_ll_usb.o
                0x000000000800381c                USB_EP0_OutStart
 .text.USB_WritePMA
                0x0000000008003832       0x88 Drivers/STM32F1xx_HAL_Driver/Src/stm32f1xx_ll_usb.o
                0x0000000008003832                USB_WritePMA
 .text.USB_ReadPMA
                0x00000000080038ba       0x9e Drivers/STM32F1xx_HAL_Driver/Src/stm32f1xx_ll_usb.o
                0x00000000080038ba                USB_ReadPMA
 .text.USBD_CDC_Init
                0x0000000008003958       0xf4 Middlewares/ST/STM32_USB_Device_Library/Class/CDC/Src/usbd_cdc.o
 .text.USBD_CDC_DeInit
                0x0000000008003a4c       0x6e Middlewares/ST/STM32_USB_Device_Library/Class/CDC/Src/usbd_cdc.o
 .text.USBD_CDC_Setup
                0x0000000008003aba      0x140 Middlewares/ST/STM32_USB_Device_Library/Class/CDC/Src/usbd_cdc.o
 .text.USBD_CDC_DataIn
                0x0000000008003bfa       0xa0 Middlewares/ST/STM32_USB_Device_Library/Class/CDC/Src/usbd_cdc.o
 .text.USBD_CDC_DataOut
                0x0000000008003c9a       0x56 Middlewares/ST/STM32_USB_Device_Library/Class/CDC/Src/usbd_cdc.o
 .text.USBD_CDC_EP0_RxReady
                0x0000000008003cf0       0x50 Middlewares/ST/STM32_USB_Device_Library/Class/CDC/Src/usbd_cdc.o
 .text.USBD_CDC_GetFSCfgDesc
                0x0000000008003d40       0x20 Middlewares/ST/STM32_USB_Device_Library/Class/CDC/Src/usbd_cdc.o
 .text.USBD_CDC_GetHSCfgDesc
                0x0000000008003d60       0x20 Middlewares/ST/STM32_USB_Device_Library/Class/CDC/Src/usbd_cdc.o
 .text.USBD_CDC_GetOtherSpeedCfgDesc
                0x0000000008003d80       0x20 Middlewares/ST/STM32_USB_Device_Library/Class/CDC/Src/usbd_cdc.o
 .text.USBD_CDC_GetDeviceQualifierDescriptor
                0x0000000008003da0       0x20 Middlewares/ST/STM32_USB_Device_Library/Class/CDC/Src/usbd_cdc.o
                0x0000000008003da0                USBD_CDC_GetDeviceQualifierDescriptor
 .text.USBD_CDC_RegisterInterface
                0x0000000008003dc0       0x2c Middlewares/ST/STM32_USB_Device_Library/Class/CDC/Src/usbd_cdc.o
                0x0000000008003dc0                USBD_CDC_RegisterInterface
 .text.USBD_CDC_SetTxBuffer
                0x0000000008003dec       0x32 Middlewares/ST/STM32_USB_Device_Library/Class/CDC/Src/usbd_cdc.o
                0x0000000008003dec                USBD_CDC_SetTxBuffer
 .text.USBD_CDC_SetRxBuffer
                0x0000000008003e1e       0x26 Middlewares/ST/STM32_USB_Device_Library/Class/CDC/Src/usbd_cdc.o
                0x0000000008003e1e                USBD_CDC_SetRxBuffer
 .text.USBD_CDC_TransmitPacket
                0x0000000008003e44       0x5e Middlewares/ST/STM32_USB_Device_Library/Class/CDC/Src/usbd_cdc.o
                0x0000000008003e44                USBD_CDC_TransmitPacket
 .text.USBD_CDC_ReceivePacket
                0x0000000008003ea2       0x54 Middlewares/ST/STM32_USB_Device_Library/Class/CDC/Src/usbd_cdc.o
                0x0000000008003ea2                USBD_CDC_ReceivePacket
 .text.USBD_Init
                0x0000000008003ef6       0x56 Middlewares/ST/STM32_USB_Device_Library/Core/Src/usbd_core.o
                0x0000000008003ef6                USBD_Init
 .text.USBD_RegisterClass
                0x0000000008003f4c       0x32 Middlewares/ST/STM32_USB_Device_Library/Core/Src/usbd_core.o
                0x0000000008003f4c                USBD_RegisterClass
 .text.USBD_Start
                0x0000000008003f7e       0x18 Middlewares/ST/STM32_USB_Device_Library/Core/Src/usbd_core.o
                0x0000000008003f7e                USBD_Start
 .text.USBD_RunTestMode
                0x0000000008003f96       0x14 Middlewares/ST/STM32_USB_Device_Library/Core/Src/usbd_core.o
                0x0000000008003f96                USBD_RunTestMode
 .text.USBD_SetClassConfig
                0x0000000008003faa       0x3e Middlewares/ST/STM32_USB_Device_Library/Core/Src/usbd_core.o
                0x0000000008003faa                USBD_SetClassConfig
 .text.USBD_ClrClassConfig
                0x0000000008003fe8       0x26 Middlewares/ST/STM32_USB_Device_Library/Core/Src/usbd_core.o
                0x0000000008003fe8                USBD_ClrClassConfig
 .text.USBD_LL_SetupStage
                0x000000000800400e       0x96 Middlewares/ST/STM32_USB_Device_Library/Core/Src/usbd_core.o
                0x000000000800400e                USBD_LL_SetupStage
 .text.USBD_LL_DataOutStage
                0x00000000080040a4       0xe2 Middlewares/ST/STM32_USB_Device_Library/Core/Src/usbd_core.o
                0x00000000080040a4                USBD_LL_DataOutStage
 .text.USBD_LL_DataInStage
                0x0000000008004186      0x14a Middlewares/ST/STM32_USB_Device_Library/Core/Src/usbd_core.o
                0x0000000008004186                USBD_LL_DataInStage
 .text.USBD_LL_Reset
                0x00000000080042d0       0x82 Middlewares/ST/STM32_USB_Device_Library/Core/Src/usbd_core.o
                0x00000000080042d0                USBD_LL_Reset
 .text.USBD_LL_SetSpeed
                0x0000000008004352       0x1e Middlewares/ST/STM32_USB_Device_Library/Core/Src/usbd_core.o
                0x0000000008004352                USBD_LL_SetSpeed
 .text.USBD_LL_Suspend
                0x0000000008004370       0x28 Middlewares/ST/STM32_USB_Device_Library/Core/Src/usbd_core.o
                0x0000000008004370                USBD_LL_Suspend
 .text.USBD_LL_Resume
                0x0000000008004398       0x2a Middlewares/ST/STM32_USB_Device_Library/Core/Src/usbd_core.o
                0x0000000008004398                USBD_LL_Resume
 .text.USBD_LL_SOF
                0x00000000080043c2       0x34 Middlewares/ST/STM32_USB_Device_Library/Core/Src/usbd_core.o
                0x00000000080043c2                USBD_LL_SOF
 *fill*         0x00000000080043f6        0x2 
 .text.USBD_StdDevReq
                0x00000000080043f8       0xd4 Middlewares/ST/STM32_USB_Device_Library/Core/Src/usbd_ctlreq.o
                0x00000000080043f8                USBD_StdDevReq
 .text.USBD_StdItfReq
                0x00000000080044cc       0x8c Middlewares/ST/STM32_USB_Device_Library/Core/Src/usbd_ctlreq.o
                0x00000000080044cc                USBD_StdItfReq
 .text.USBD_StdEPReq
                0x0000000008004558      0x2ba Middlewares/ST/STM32_USB_Device_Library/Core/Src/usbd_ctlreq.o
                0x0000000008004558                USBD_StdEPReq
 *fill*         0x0000000008004812        0x2 
 .text.USBD_GetDescriptor
                0x0000000008004814      0x2d0 Middlewares/ST/STM32_USB_Device_Library/Core/Src/usbd_ctlreq.o
 .text.USBD_SetAddress
                0x0000000008004ae4       0x84 Middlewares/ST/STM32_USB_Device_Library/Core/Src/usbd_ctlreq.o
 .text.USBD_SetConfig
                0x0000000008004b68      0x11c Middlewares/ST/STM32_USB_Device_Library/Core/Src/usbd_ctlreq.o
 .text.USBD_GetConfig
                0x0000000008004c84       0x68 Middlewares/ST/STM32_USB_Device_Library/Core/Src/usbd_ctlreq.o
 .text.USBD_GetStatus
                0x0000000008004cec       0x66 Middlewares/ST/STM32_USB_Device_Library/Core/Src/usbd_ctlreq.o
 .text.USBD_SetFeature
                0x0000000008004d52       0x28 Middlewares/ST/STM32_USB_Device_Library/Core/Src/usbd_ctlreq.o
 .text.USBD_ClrFeature
                0x0000000008004d7a       0x42 Middlewares/ST/STM32_USB_Device_Library/Core/Src/usbd_ctlreq.o
 .text.USBD_ParseSetupRequest
                0x0000000008004dbc       0x78 Middlewares/ST/STM32_USB_Device_Library/Core/Src/usbd_ctlreq.o
                0x0000000008004dbc                USBD_ParseSetupRequest
 .text.USBD_CtlError
                0x0000000008004e34       0x22 Middlewares/ST/STM32_USB_Device_Library/Core/Src/usbd_ctlreq.o
                0x0000000008004e34                USBD_CtlError
 .text.USBD_GetString
                0x0000000008004e56       0x84 Middlewares/ST/STM32_USB_Device_Library/Core/Src/usbd_ctlreq.o
                0x0000000008004e56                USBD_GetString
 .text.USBD_GetLen
                0x0000000008004eda       0x2e Middlewares/ST/STM32_USB_Device_Library/Core/Src/usbd_ctlreq.o
 .text.USBD_CtlSendData
                0x0000000008004f08       0x38 Middlewares/ST/STM32_USB_Device_Library/Core/Src/usbd_ioreq.o
                0x0000000008004f08                USBD_CtlSendData
 .text.USBD_CtlContinueSendData
                0x0000000008004f40       0x24 Middlewares/ST/STM32_USB_Device_Library/Core/Src/usbd_ioreq.o
                0x0000000008004f40                USBD_CtlContinueSendData
 .text.USBD_CtlPrepareRx
                0x0000000008004f64       0x3c Middlewares/ST/STM32_USB_Device_Library/Core/Src/usbd_ioreq.o
                0x0000000008004f64                USBD_CtlPrepareRx
 .text.USBD_CtlContinueRx
                0x0000000008004fa0       0x24 Middlewares/ST/STM32_USB_Device_Library/Core/Src/usbd_ioreq.o
                0x0000000008004fa0                USBD_CtlContinueRx
 .text.USBD_CtlSendStatus
                0x0000000008004fc4       0x26 Middlewares/ST/STM32_USB_Device_Library/Core/Src/usbd_ioreq.o
                0x0000000008004fc4                USBD_CtlSendStatus
 .text.USBD_CtlReceiveStatus
                0x0000000008004fea       0x26 Middlewares/ST/STM32_USB_Device_Library/Core/Src/usbd_ioreq.o
                0x0000000008004fea                USBD_CtlReceiveStatus
 .text.MX_USB_DEVICE_Init
                0x0000000008005010       0x60 USB_DEVICE/App/usb_device.o
                0x0000000008005010                MX_USB_DEVICE_Init
 .text.CDC_Init_FS
                0x0000000008005070       0x28 USB_DEVICE/App/usbd_cdc_if.o
 .text.CDC_DeInit_FS
                0x0000000008005098        0xe USB_DEVICE/App/usbd_cdc_if.o
 *fill*         0x00000000080050a6        0x2 
 .text.CDC_Control_FS
                0x00000000080050a8       0xbc USB_DEVICE/App/usbd_cdc_if.o
 .text.CDC_Receive_FS
                0x0000000008005164       0x28 USB_DEVICE/App/usbd_cdc_if.o
 .text.CDC_Transmit_FS
                0x000000000800518c       0x4c USB_DEVICE/App/usbd_cdc_if.o
                0x000000000800518c                CDC_Transmit_FS
 .text.USBD_FS_DeviceDescriptor
                0x00000000080051d8       0x24 USB_DEVICE/App/usbd_desc.o
                0x00000000080051d8                USBD_FS_DeviceDescriptor
 .text.USBD_FS_LangIDStrDescriptor
                0x00000000080051fc       0x24 USB_DEVICE/App/usbd_desc.o
                0x00000000080051fc                USBD_FS_LangIDStrDescriptor
 .text.USBD_FS_ProductStrDescriptor
                0x0000000008005220       0x3c USB_DEVICE/App/usbd_desc.o
                0x0000000008005220                USBD_FS_ProductStrDescriptor
 .text.USBD_FS_ManufacturerStrDescriptor
                0x000000000800525c       0x28 USB_DEVICE/App/usbd_desc.o
                0x000000000800525c                USBD_FS_ManufacturerStrDescriptor
 .text.USBD_FS_SerialStrDescriptor
                0x0000000008005284       0x24 USB_DEVICE/App/usbd_desc.o
                0x0000000008005284                USBD_FS_SerialStrDescriptor
 .text.USBD_FS_ConfigStrDescriptor
                0x00000000080052a8       0x3c USB_DEVICE/App/usbd_desc.o
                0x00000000080052a8                USBD_FS_ConfigStrDescriptor
 .text.USBD_FS_InterfaceStrDescriptor
                0x00000000080052e4       0x3c USB_DEVICE/App/usbd_desc.o
                0x00000000080052e4                USBD_FS_InterfaceStrDescriptor
 .text.Get_SerialNum
                0x0000000008005320       0x58 USB_DEVICE/App/usbd_desc.o
 .text.IntToUnicode
                0x0000000008005378       0x7a USB_DEVICE/App/usbd_desc.o
 *fill*         0x00000000080053f2        0x2 
 .text.HAL_PCD_MspInit
                0x00000000080053f4       0x4c USB_DEVICE/Target/usbd_conf.o
                0x00000000080053f4                HAL_PCD_MspInit
 .text.HAL_PCD_SetupStageCallback
                0x0000000008005440       0x24 USB_DEVICE/Target/usbd_conf.o
                0x0000000008005440                HAL_PCD_SetupStageCallback
 .text.HAL_PCD_DataOutStageCallback
                0x0000000008005464       0x30 USB_DEVICE/Target/usbd_conf.o
                0x0000000008005464                HAL_PCD_DataOutStageCallback
 .text.HAL_PCD_DataInStageCallback
                0x0000000008005494       0x2e USB_DEVICE/Target/usbd_conf.o
                0x0000000008005494                HAL_PCD_DataInStageCallback
 .text.HAL_PCD_SOFCallback
                0x00000000080054c2       0x1c USB_DEVICE/Target/usbd_conf.o
                0x00000000080054c2                HAL_PCD_SOFCallback
 .text.HAL_PCD_ResetCallback
                0x00000000080054de       0x3c USB_DEVICE/Target/usbd_conf.o
                0x00000000080054de                HAL_PCD_ResetCallback
 *fill*         0x000000000800551a        0x2 
 .text.HAL_PCD_SuspendCallback
                0x000000000800551c       0x34 USB_DEVICE/Target/usbd_conf.o
                0x000000000800551c                HAL_PCD_SuspendCallback
 .text.HAL_PCD_ResumeCallback
                0x0000000008005550       0x1c USB_DEVICE/Target/usbd_conf.o
                0x0000000008005550                HAL_PCD_ResumeCallback
 .text.USBD_LL_Init
                0x000000000800556c       0xb4 USB_DEVICE/Target/usbd_conf.o
                0x000000000800556c                USBD_LL_Init
 .text.USBD_LL_Start
                0x0000000008005620       0x36 USB_DEVICE/Target/usbd_conf.o
                0x0000000008005620                USBD_LL_Start
 .text.USBD_LL_OpenEP
                0x0000000008005656       0x4c USB_DEVICE/Target/usbd_conf.o
                0x0000000008005656                USBD_LL_OpenEP
 .text.USBD_LL_CloseEP
                0x00000000080056a2       0x3e USB_DEVICE/Target/usbd_conf.o
                0x00000000080056a2                USBD_LL_CloseEP
 .text.USBD_LL_StallEP
                0x00000000080056e0       0x3e USB_DEVICE/Target/usbd_conf.o
                0x00000000080056e0                USBD_LL_StallEP
 .text.USBD_LL_ClearStallEP
                0x000000000800571e       0x3e USB_DEVICE/Target/usbd_conf.o
                0x000000000800571e                USBD_LL_ClearStallEP
 .text.USBD_LL_IsStallEP
                0x000000000800575c       0x4a USB_DEVICE/Target/usbd_conf.o
                0x000000000800575c                USBD_LL_IsStallEP
 .text.USBD_LL_SetUSBAddress
                0x00000000080057a6       0x3e USB_DEVICE/Target/usbd_conf.o
                0x00000000080057a6                USBD_LL_SetUSBAddress
 .text.USBD_LL_Transmit
                0x00000000080057e4       0x46 USB_DEVICE/Target/usbd_conf.o
                0x00000000080057e4                USBD_LL_Transmit
 .text.USBD_LL_PrepareReceive
                0x000000000800582a       0x46 USB_DEVICE/Target/usbd_conf.o
                0x000000000800582a                USBD_LL_PrepareReceive
 .text.USBD_LL_GetRxDataSize
                0x0000000008005870       0x26 USB_DEVICE/Target/usbd_conf.o
                0x0000000008005870                USBD_LL_GetRxDataSize
 *fill*         0x0000000008005896        0x2 
 .text.USBD_static_malloc
                0x0000000008005898       0x18 USB_DEVICE/Target/usbd_conf.o
                0x0000000008005898                USBD_static_malloc
 .text.USBD_static_free
                0x00000000080058b0       0x12 USB_DEVICE/Target/usbd_conf.o
                0x00000000080058b0                USBD_static_free
 .text.HAL_PCDEx_SetConnectionState
                0x00000000080058c2       0x16 USB_DEVICE/Target/usbd_conf.o
                0x00000000080058c2                HAL_PCDEx_SetConnectionState
 .text.USBD_Get_USB_Status
                0x00000000080058d8       0x58 USB_DEVICE/Target/usbd_conf.o
 .text.__libc_init_array
                0x0000000008005930       0x48 /Applications/STM32CubeIDE.app/Contents/Eclipse/plugins/com.st.stm32cube.ide.mcu.externaltools.gnu-tools-for-stm32.7-2018-q2-update.macos64_1.0.0.201904181610/tools/bin/../lib/gcc/arm-none-eabi/7.3.1/../../../../arm-none-eabi/lib/thumb/v7-m/libc_nano.a(lib_a-init.o)
                0x0000000008005930                __libc_init_array
 .text.memset   0x0000000008005978       0x10 /Applications/STM32CubeIDE.app/Contents/Eclipse/plugins/com.st.stm32cube.ide.mcu.externaltools.gnu-tools-for-stm32.7-2018-q2-update.macos64_1.0.0.201904181610/tools/bin/../lib/gcc/arm-none-eabi/7.3.1/../../../../arm-none-eabi/lib/thumb/v7-m/libc_nano.a(lib_a-memset.o)
                0x0000000008005978                memset
 *(.glue_7)
 .glue_7        0x0000000008005988        0x0 linker stubs
 *(.glue_7t)
 .glue_7t       0x0000000008005988        0x0 linker stubs
 *(.eh_frame)
 .eh_frame      0x0000000008005988        0x0 /Applications/STM32CubeIDE.app/Contents/Eclipse/plugins/com.st.stm32cube.ide.mcu.externaltools.gnu-tools-for-stm32.7-2018-q2-update.macos64_1.0.0.201904181610/tools/bin/../lib/gcc/arm-none-eabi/7.3.1/thumb/v7-m/crtbegin.o
 *(.init)
 .init          0x0000000008005988        0x4 /Applications/STM32CubeIDE.app/Contents/Eclipse/plugins/com.st.stm32cube.ide.mcu.externaltools.gnu-tools-for-stm32.7-2018-q2-update.macos64_1.0.0.201904181610/tools/bin/../lib/gcc/arm-none-eabi/7.3.1/thumb/v7-m/crti.o
                0x0000000008005988                _init
 .init          0x000000000800598c        0x8 /Applications/STM32CubeIDE.app/Contents/Eclipse/plugins/com.st.stm32cube.ide.mcu.externaltools.gnu-tools-for-stm32.7-2018-q2-update.macos64_1.0.0.201904181610/tools/bin/../lib/gcc/arm-none-eabi/7.3.1/thumb/v7-m/crtn.o
 *(.fini)
 .fini          0x0000000008005994        0x4 /Applications/STM32CubeIDE.app/Contents/Eclipse/plugins/com.st.stm32cube.ide.mcu.externaltools.gnu-tools-for-stm32.7-2018-q2-update.macos64_1.0.0.201904181610/tools/bin/../lib/gcc/arm-none-eabi/7.3.1/thumb/v7-m/crti.o
                0x0000000008005994                _fini
 .fini          0x0000000008005998        0x8 /Applications/STM32CubeIDE.app/Contents/Eclipse/plugins/com.st.stm32cube.ide.mcu.externaltools.gnu-tools-for-stm32.7-2018-q2-update.macos64_1.0.0.201904181610/tools/bin/../lib/gcc/arm-none-eabi/7.3.1/thumb/v7-m/crtn.o
                0x00000000080059a0                . = ALIGN (0x4)
                0x00000000080059a0                _etext = .

.vfp11_veneer   0x00000000080059a0        0x0
 .vfp11_veneer  0x00000000080059a0        0x0 linker stubs

.v4_bx          0x00000000080059a0        0x0
 .v4_bx         0x00000000080059a0        0x0 linker stubs

.iplt           0x00000000080059a0        0x0
 .iplt          0x00000000080059a0        0x0 /Applications/STM32CubeIDE.app/Contents/Eclipse/plugins/com.st.stm32cube.ide.mcu.externaltools.gnu-tools-for-stm32.7-2018-q2-update.macos64_1.0.0.201904181610/tools/bin/../lib/gcc/arm-none-eabi/7.3.1/thumb/v7-m/crtbegin.o

.rodata         0x00000000080059a0       0x5c
                0x00000000080059a0                . = ALIGN (0x4)
 *(.rodata)
 .rodata        0x00000000080059a0        0x6 Core/Src/main.o
 *fill*         0x00000000080059a6        0x2 
 .rodata        0x00000000080059a8       0x12 Drivers/STM32F1xx_HAL_Driver/Src/stm32f1xx_hal_rcc.o
 *fill*         0x00000000080059ba        0x2 
 .rodata        0x00000000080059bc       0x2e USB_DEVICE/App/usbd_desc.o
 *(.rodata*)
 *fill*         0x00000000080059ea        0x2 
 .rodata.AHBPrescTable
                0x00000000080059ec       0x10 Core/Src/system_stm32f1xx.o
                0x00000000080059ec                AHBPrescTable
                0x00000000080059fc                . = ALIGN (0x4)

.rel.dyn        0x00000000080059fc        0x0
 .rel.iplt      0x00000000080059fc        0x0 /Applications/STM32CubeIDE.app/Contents/Eclipse/plugins/com.st.stm32cube.ide.mcu.externaltools.gnu-tools-for-stm32.7-2018-q2-update.macos64_1.0.0.201904181610/tools/bin/../lib/gcc/arm-none-eabi/7.3.1/thumb/v7-m/crtbegin.o

.ARM.extab      0x00000000080059fc        0x0
                0x00000000080059fc                . = ALIGN (0x4)
 *(.ARM.extab* .gnu.linkonce.armextab.*)
                0x00000000080059fc                . = ALIGN (0x4)

.ARM            0x00000000080059fc        0x0
                0x00000000080059fc                . = ALIGN (0x4)
                0x00000000080059fc                __exidx_start = .
 *(.ARM.exidx*)
                0x00000000080059fc                __exidx_end = .
                0x00000000080059fc                . = ALIGN (0x4)

.preinit_array  0x00000000080059fc        0x0
                0x00000000080059fc                . = ALIGN (0x4)
                0x00000000080059fc                PROVIDE (__preinit_array_start = .)
 *(.preinit_array*)
                0x00000000080059fc                PROVIDE (__preinit_array_end = .)
                0x00000000080059fc                . = ALIGN (0x4)

.init_array     0x00000000080059fc        0x4
                0x00000000080059fc                . = ALIGN (0x4)
                0x00000000080059fc                PROVIDE (__init_array_start = .)
 *(SORT_BY_NAME(.init_array.*))
 *(.init_array*)
 .init_array    0x00000000080059fc        0x4 /Applications/STM32CubeIDE.app/Contents/Eclipse/plugins/com.st.stm32cube.ide.mcu.externaltools.gnu-tools-for-stm32.7-2018-q2-update.macos64_1.0.0.201904181610/tools/bin/../lib/gcc/arm-none-eabi/7.3.1/thumb/v7-m/crtbegin.o
                0x0000000008005a00                PROVIDE (__init_array_end = .)
                0x0000000008005a00                . = ALIGN (0x4)

.fini_array     0x0000000008005a00        0x4
                0x0000000008005a00                . = ALIGN (0x4)
                [!provide]                        PROVIDE (__fini_array_start = .)
 *(SORT_BY_NAME(.fini_array.*))
 *(.fini_array*)
 .fini_array    0x0000000008005a00        0x4 /Applications/STM32CubeIDE.app/Contents/Eclipse/plugins/com.st.stm32cube.ide.mcu.externaltools.gnu-tools-for-stm32.7-2018-q2-update.macos64_1.0.0.201904181610/tools/bin/../lib/gcc/arm-none-eabi/7.3.1/thumb/v7-m/crtbegin.o
                [!provide]                        PROVIDE (__fini_array_end = .)
                0x0000000008005a04                . = ALIGN (0x4)
                0x0000000008005a04                _sidata = LOADADDR (.data)

.data           0x0000000020000000      0x17c load address 0x0000000008005a04
                0x0000000020000000                . = ALIGN (0x4)
                0x0000000020000000                _sdata = .
 *(.data)
 *(.data*)
 .data.SystemCoreClock
                0x0000000020000000        0x4 Core/Src/system_stm32f1xx.o
                0x0000000020000000                SystemCoreClock
 .data.uwTickPrio
                0x0000000020000004        0x4 Drivers/STM32F1xx_HAL_Driver/Src/stm32f1xx_hal.o
                0x0000000020000004                uwTickPrio
 .data.uwTickFreq
                0x0000000020000008        0x1 Drivers/STM32F1xx_HAL_Driver/Src/stm32f1xx_hal.o
                0x0000000020000008                uwTickFreq
 *fill*         0x0000000020000009        0x3 
 .data.USBD_CDC_DeviceQualifierDesc
                0x000000002000000c        0xa Middlewares/ST/STM32_USB_Device_Library/Class/CDC/Src/usbd_cdc.o
 *fill*         0x0000000020000016        0x2 
 .data.USBD_CDC
                0x0000000020000018       0x38 Middlewares/ST/STM32_USB_Device_Library/Class/CDC/Src/usbd_cdc.o
                0x0000000020000018                USBD_CDC
 .data.USBD_CDC_CfgHSDesc
                0x0000000020000050       0x43 Middlewares/ST/STM32_USB_Device_Library/Class/CDC/Src/usbd_cdc.o
                0x0000000020000050                USBD_CDC_CfgHSDesc
 *fill*         0x0000000020000093        0x1 
 .data.USBD_CDC_CfgFSDesc
                0x0000000020000094       0x43 Middlewares/ST/STM32_USB_Device_Library/Class/CDC/Src/usbd_cdc.o
                0x0000000020000094                USBD_CDC_CfgFSDesc
 *fill*         0x00000000200000d7        0x1 
 .data.USBD_CDC_OtherSpeedCfgDesc
                0x00000000200000d8       0x43 Middlewares/ST/STM32_USB_Device_Library/Class/CDC/Src/usbd_cdc.o
                0x00000000200000d8                USBD_CDC_OtherSpeedCfgDesc
 *fill*         0x000000002000011b        0x1 
 .data.USBD_Interface_fops_FS
                0x000000002000011c       0x10 USB_DEVICE/App/usbd_cdc_if.o
                0x000000002000011c                USBD_Interface_fops_FS
 .data.FS_Desc  0x000000002000012c       0x1c USB_DEVICE/App/usbd_desc.o
                0x000000002000012c                FS_Desc
 .data.USBD_FS_DeviceDesc
                0x0000000020000148       0x12 USB_DEVICE/App/usbd_desc.o
                0x0000000020000148                USBD_FS_DeviceDesc
 *fill*         0x000000002000015a        0x2 
 .data.USBD_LangIDDesc
                0x000000002000015c        0x4 USB_DEVICE/App/usbd_desc.o
                0x000000002000015c                USBD_LangIDDesc
 .data.USBD_StringSerial
                0x0000000020000160       0x1a USB_DEVICE/App/usbd_desc.o
                0x0000000020000160                USBD_StringSerial
                0x000000002000017c                . = ALIGN (0x4)
 *fill*         0x000000002000017a        0x2 
                0x000000002000017c                _edata = .

.igot.plt       0x000000002000017c        0x0 load address 0x0000000008005b80
 .igot.plt      0x000000002000017c        0x0 /Applications/STM32CubeIDE.app/Contents/Eclipse/plugins/com.st.stm32cube.ide.mcu.externaltools.gnu-tools-for-stm32.7-2018-q2-update.macos64_1.0.0.201904181610/tools/bin/../lib/gcc/arm-none-eabi/7.3.1/thumb/v7-m/crtbegin.o
                0x000000002000017c                . = ALIGN (0x4)

.bss            0x000000002000017c     0x1174 load address 0x0000000008005b80
                0x000000002000017c                _sbss = .
                0x000000002000017c                __bss_start__ = _sbss
 *(.bss)
 .bss           0x000000002000017c       0x1c /Applications/STM32CubeIDE.app/Contents/Eclipse/plugins/com.st.stm32cube.ide.mcu.externaltools.gnu-tools-for-stm32.7-2018-q2-update.macos64_1.0.0.201904181610/tools/bin/../lib/gcc/arm-none-eabi/7.3.1/thumb/v7-m/crtbegin.o
 *(.bss*)
 .bss.cfgidx.7762
                0x0000000020000198        0x1 Middlewares/ST/STM32_USB_Device_Library/Core/Src/usbd_ctlreq.o
 *fill*         0x0000000020000199        0x3 
 .bss.mem.7827  0x000000002000019c      0x220 USB_DEVICE/Target/usbd_conf.o
 *(COMMON)
 COMMON         0x00000000200003bc       0x30 Core/Src/adc.o
                0x00000000200003bc                hadc1
 COMMON         0x00000000200003ec        0x4 Drivers/STM32F1xx_HAL_Driver/Src/stm32f1xx_hal.o
                0x00000000200003ec                uwTick
 COMMON         0x00000000200003f0      0x2c4 USB_DEVICE/App/usb_device.o
                0x00000000200003f0                hUsbDeviceFS
 COMMON         0x00000000200006b4      0x7d0 USB_DEVICE/App/usbd_cdc_if.o
                0x00000000200006b4                UserRxBufferFS
                0x0000000020000a9c                UserTxBufferFS
 COMMON         0x0000000020000e84      0x200 USB_DEVICE/App/usbd_desc.o
                0x0000000020000e84                USBD_StrDesc
 COMMON         0x0000000020001084      0x26c USB_DEVICE/Target/usbd_conf.o
                0x0000000020001084                hpcd_USB_FS
                0x00000000200012f0                . = ALIGN (0x4)
                0x00000000200012f0                _ebss = .
                0x00000000200012f0                __bss_end__ = _ebss

._user_heap_stack
                0x00000000200012f0      0x600 load address 0x0000000008005b80
                0x00000000200012f0                . = ALIGN (0x8)
                0x00000000200012f0                PROVIDE (end = .)
                [!provide]                        PROVIDE (_end = .)
                0x00000000200014f0                . = (. + _Min_Heap_Size)
 *fill*         0x00000000200012f0      0x200 
                0x00000000200018f0                . = (. + _Min_Stack_Size)
 *fill*         0x00000000200014f0      0x400 
                0x00000000200018f0                . = ALIGN (0x8)

/DISCARD/
 libc.a(*)
 libm.a(*)
 libgcc.a(*)

.ARM.attributes
                0x0000000000000000       0x29
 *(.ARM.attributes)
 .ARM.attributes
                0x0000000000000000       0x1d /Applications/STM32CubeIDE.app/Contents/Eclipse/plugins/com.st.stm32cube.ide.mcu.externaltools.gnu-tools-for-stm32.7-2018-q2-update.macos64_1.0.0.201904181610/tools/bin/../lib/gcc/arm-none-eabi/7.3.1/thumb/v7-m/crti.o
 .ARM.attributes
                0x000000000000001d       0x2d /Applications/STM32CubeIDE.app/Contents/Eclipse/plugins/com.st.stm32cube.ide.mcu.externaltools.gnu-tools-for-stm32.7-2018-q2-update.macos64_1.0.0.201904181610/tools/bin/../lib/gcc/arm-none-eabi/7.3.1/thumb/v7-m/crtbegin.o
 .ARM.attributes
                0x000000000000004a       0x33 Core/Src/adc.o
 .ARM.attributes
                0x000000000000007d       0x33 Core/Src/gpio.o
 .ARM.attributes
                0x00000000000000b0       0x33 Core/Src/main.o
 .ARM.attributes
                0x00000000000000e3       0x33 Core/Src/stm32f1xx_hal_msp.o
 .ARM.attributes
                0x0000000000000116       0x33 Core/Src/stm32f1xx_it.o
 .ARM.attributes
                0x0000000000000149       0x33 Core/Src/system_stm32f1xx.o
 .ARM.attributes
                0x000000000000017c       0x21 Core/Startup/startup_stm32f103c8tx.o
 .ARM.attributes
                0x000000000000019d       0x33 Drivers/STM32F1xx_HAL_Driver/Src/stm32f1xx_hal.o
 .ARM.attributes
                0x00000000000001d0       0x33 Drivers/STM32F1xx_HAL_Driver/Src/stm32f1xx_hal_adc.o
 .ARM.attributes
                0x0000000000000203       0x33 Drivers/STM32F1xx_HAL_Driver/Src/stm32f1xx_hal_cortex.o
 .ARM.attributes
                0x0000000000000236       0x33 Drivers/STM32F1xx_HAL_Driver/Src/stm32f1xx_hal_gpio.o
 .ARM.attributes
                0x0000000000000269       0x33 Drivers/STM32F1xx_HAL_Driver/Src/stm32f1xx_hal_pcd.o
 .ARM.attributes
                0x000000000000029c       0x33 Drivers/STM32F1xx_HAL_Driver/Src/stm32f1xx_hal_pcd_ex.o
 .ARM.attributes
                0x00000000000002cf       0x33 Drivers/STM32F1xx_HAL_Driver/Src/stm32f1xx_hal_rcc.o
 .ARM.attributes
                0x0000000000000302       0x33 Drivers/STM32F1xx_HAL_Driver/Src/stm32f1xx_hal_rcc_ex.o
 .ARM.attributes
                0x0000000000000335       0x33 Drivers/STM32F1xx_HAL_Driver/Src/stm32f1xx_ll_usb.o
 .ARM.attributes
                0x0000000000000368       0x33 Middlewares/ST/STM32_USB_Device_Library/Class/CDC/Src/usbd_cdc.o
 .ARM.attributes
                0x000000000000039b       0x33 Middlewares/ST/STM32_USB_Device_Library/Core/Src/usbd_core.o
 .ARM.attributes
                0x00000000000003ce       0x33 Middlewares/ST/STM32_USB_Device_Library/Core/Src/usbd_ctlreq.o
 .ARM.attributes
                0x0000000000000401       0x33 Middlewares/ST/STM32_USB_Device_Library/Core/Src/usbd_ioreq.o
 .ARM.attributes
                0x0000000000000434       0x33 USB_DEVICE/App/usb_device.o
 .ARM.attributes
                0x0000000000000467       0x33 USB_DEVICE/App/usbd_cdc_if.o
 .ARM.attributes
                0x000000000000049a       0x33 USB_DEVICE/App/usbd_desc.o
 .ARM.attributes
                0x00000000000004cd       0x33 USB_DEVICE/Target/usbd_conf.o
 .ARM.attributes
                0x0000000000000500       0x2d /Applications/STM32CubeIDE.app/Contents/Eclipse/plugins/com.st.stm32cube.ide.mcu.externaltools.gnu-tools-for-stm32.7-2018-q2-update.macos64_1.0.0.201904181610/tools/bin/../lib/gcc/arm-none-eabi/7.3.1/../../../../arm-none-eabi/lib/thumb/v7-m/libc_nano.a(lib_a-init.o)
 .ARM.attributes
                0x000000000000052d       0x2d /Applications/STM32CubeIDE.app/Contents/Eclipse/plugins/com.st.stm32cube.ide.mcu.externaltools.gnu-tools-for-stm32.7-2018-q2-update.macos64_1.0.0.201904181610/tools/bin/../lib/gcc/arm-none-eabi/7.3.1/../../../../arm-none-eabi/lib/thumb/v7-m/libc_nano.a(lib_a-memset.o)
 .ARM.attributes
                0x000000000000055a       0x1d /Applications/STM32CubeIDE.app/Contents/Eclipse/plugins/com.st.stm32cube.ide.mcu.externaltools.gnu-tools-for-stm32.7-2018-q2-update.macos64_1.0.0.201904181610/tools/bin/../lib/gcc/arm-none-eabi/7.3.1/thumb/v7-m/crtn.o
OUTPUT(STM32MIDI.elf elf32-littlearm)

.debug_info     0x0000000000000000    0x11be2
 .debug_info    0x0000000000000000      0x80a Core/Src/adc.o
 .debug_info    0x000000000000080a      0x354 Core/Src/gpio.o
 .debug_info    0x0000000000000b5e     0x1415 Core/Src/main.o
 .debug_info    0x0000000000001f73      0x2cb Core/Src/stm32f1xx_hal_msp.o
 .debug_info    0x000000000000223e      0x681 Core/Src/stm32f1xx_it.o
 .debug_info    0x00000000000028bf      0x433 Core/Src/system_stm32f1xx.o
 .debug_info    0x0000000000002cf2       0x22 Core/Startup/startup_stm32f103c8tx.o
 .debug_info    0x0000000000002d14      0x6fe Drivers/STM32F1xx_HAL_Driver/Src/stm32f1xx_hal.o
 .debug_info    0x0000000000003412      0xc61 Drivers/STM32F1xx_HAL_Driver/Src/stm32f1xx_hal_adc.o
 .debug_info    0x0000000000004073      0xb46 Drivers/STM32F1xx_HAL_Driver/Src/stm32f1xx_hal_cortex.o
 .debug_info    0x0000000000004bb9      0x681 Drivers/STM32F1xx_HAL_Driver/Src/stm32f1xx_hal_gpio.o
 .debug_info    0x000000000000523a      0xe38 Drivers/STM32F1xx_HAL_Driver/Src/stm32f1xx_hal_pcd.o
 .debug_info    0x0000000000006072      0x760 Drivers/STM32F1xx_HAL_Driver/Src/stm32f1xx_hal_pcd_ex.o
 .debug_info    0x00000000000067d2      0x804 Drivers/STM32F1xx_HAL_Driver/Src/stm32f1xx_hal_rcc.o
 .debug_info    0x0000000000006fd6      0x439 Drivers/STM32F1xx_HAL_Driver/Src/stm32f1xx_hal_rcc_ex.o
 .debug_info    0x000000000000740f     0x14f9 Drivers/STM32F1xx_HAL_Driver/Src/stm32f1xx_ll_usb.o
 .debug_info    0x0000000000008908     0x1791 Middlewares/ST/STM32_USB_Device_Library/Class/CDC/Src/usbd_cdc.o
 .debug_info    0x000000000000a099     0x11c2 Middlewares/ST/STM32_USB_Device_Library/Core/Src/usbd_core.o
 .debug_info    0x000000000000b25b     0x1132 Middlewares/ST/STM32_USB_Device_Library/Core/Src/usbd_ctlreq.o
 .debug_info    0x000000000000c38d      0xf23 Middlewares/ST/STM32_USB_Device_Library/Core/Src/usbd_ioreq.o
 .debug_info    0x000000000000d2b0      0xe6b USB_DEVICE/App/usb_device.o
 .debug_info    0x000000000000e11b     0x102b USB_DEVICE/App/usbd_cdc_if.o
 .debug_info    0x000000000000f146      0xd07 USB_DEVICE/App/usbd_desc.o
 .debug_info    0x000000000000fe4d     0x1d95 USB_DEVICE/Target/usbd_conf.o

.debug_abbrev   0x0000000000000000     0x2d75
 .debug_abbrev  0x0000000000000000      0x199 Core/Src/adc.o
 .debug_abbrev  0x0000000000000199      0x134 Core/Src/gpio.o
 .debug_abbrev  0x00000000000002cd      0x206 Core/Src/main.o
 .debug_abbrev  0x00000000000004d3      0x109 Core/Src/stm32f1xx_hal_msp.o
 .debug_abbrev  0x00000000000005dc      0x155 Core/Src/stm32f1xx_it.o
 .debug_abbrev  0x0000000000000731      0x134 Core/Src/system_stm32f1xx.o
 .debug_abbrev  0x0000000000000865       0x12 Core/Startup/startup_stm32f103c8tx.o
 .debug_abbrev  0x0000000000000877      0x1d8 Drivers/STM32F1xx_HAL_Driver/Src/stm32f1xx_hal.o
 .debug_abbrev  0x0000000000000a4f      0x1d5 Drivers/STM32F1xx_HAL_Driver/Src/stm32f1xx_hal_adc.o
 .debug_abbrev  0x0000000000000c24      0x2d5 Drivers/STM32F1xx_HAL_Driver/Src/stm32f1xx_hal_cortex.o
 .debug_abbrev  0x0000000000000ef9      0x1c0 Drivers/STM32F1xx_HAL_Driver/Src/stm32f1xx_hal_gpio.o
 .debug_abbrev  0x00000000000010b9      0x263 Drivers/STM32F1xx_HAL_Driver/Src/stm32f1xx_hal_pcd.o
 .debug_abbrev  0x000000000000131c      0x188 Drivers/STM32F1xx_HAL_Driver/Src/stm32f1xx_hal_pcd_ex.o
 .debug_abbrev  0x00000000000014a4      0x243 Drivers/STM32F1xx_HAL_Driver/Src/stm32f1xx_hal_rcc.o
 .debug_abbrev  0x00000000000016e7      0x175 Drivers/STM32F1xx_HAL_Driver/Src/stm32f1xx_hal_rcc_ex.o
 .debug_abbrev  0x000000000000185c      0x1c5 Drivers/STM32F1xx_HAL_Driver/Src/stm32f1xx_ll_usb.o
 .debug_abbrev  0x0000000000001a21      0x2b6 Middlewares/ST/STM32_USB_Device_Library/Class/CDC/Src/usbd_cdc.o
 .debug_abbrev  0x0000000000001cd7      0x270 Middlewares/ST/STM32_USB_Device_Library/Core/Src/usbd_core.o
 .debug_abbrev  0x0000000000001f47      0x2a0 Middlewares/ST/STM32_USB_Device_Library/Core/Src/usbd_ctlreq.o
 .debug_abbrev  0x00000000000021e7      0x1e0 Middlewares/ST/STM32_USB_Device_Library/Core/Src/usbd_ioreq.o
 .debug_abbrev  0x00000000000023c7      0x1be USB_DEVICE/App/usb_device.o
 .debug_abbrev  0x0000000000002585      0x285 USB_DEVICE/App/usbd_cdc_if.o
 .debug_abbrev  0x000000000000280a      0x290 USB_DEVICE/App/usbd_desc.o
 .debug_abbrev  0x0000000000002a9a      0x2db USB_DEVICE/Target/usbd_conf.o

.debug_aranges  0x0000000000000000      0xb98
 .debug_aranges
                0x0000000000000000       0x30 Core/Src/adc.o
 .debug_aranges
                0x0000000000000030       0x20 Core/Src/gpio.o
 .debug_aranges
                0x0000000000000050       0x30 Core/Src/main.o
 .debug_aranges
                0x0000000000000080       0x20 Core/Src/stm32f1xx_hal_msp.o
 .debug_aranges
                0x00000000000000a0       0x68 Core/Src/stm32f1xx_it.o
 .debug_aranges
                0x0000000000000108       0x28 Core/Src/system_stm32f1xx.o
 .debug_aranges
                0x0000000000000130       0x28 Core/Startup/startup_stm32f103c8tx.o
 .debug_aranges
                0x0000000000000158       0xe0 Drivers/STM32F1xx_HAL_Driver/Src/stm32f1xx_hal.o
 .debug_aranges
                0x0000000000000238       0xf0 Drivers/STM32F1xx_HAL_Driver/Src/stm32f1xx_hal_adc.o
 .debug_aranges
                0x0000000000000328      0x100 Drivers/STM32F1xx_HAL_Driver/Src/stm32f1xx_hal_cortex.o
 .debug_aranges
                0x0000000000000428       0x58 Drivers/STM32F1xx_HAL_Driver/Src/stm32f1xx_hal_gpio.o
 .debug_aranges
                0x0000000000000480      0x120 Drivers/STM32F1xx_HAL_Driver/Src/stm32f1xx_hal_pcd.o
 .debug_aranges
                0x00000000000005a0       0x38 Drivers/STM32F1xx_HAL_Driver/Src/stm32f1xx_hal_pcd_ex.o
 .debug_aranges
                0x00000000000005d8       0x90 Drivers/STM32F1xx_HAL_Driver/Src/stm32f1xx_hal_rcc.o
 .debug_aranges
                0x0000000000000668       0x30 Drivers/STM32F1xx_HAL_Driver/Src/stm32f1xx_hal_rcc_ex.o
 .debug_aranges
                0x0000000000000698      0x108 Drivers/STM32F1xx_HAL_Driver/Src/stm32f1xx_ll_usb.o
 .debug_aranges
                0x00000000000007a0       0x90 Middlewares/ST/STM32_USB_Device_Library/Class/CDC/Src/usbd_cdc.o
 .debug_aranges
                0x0000000000000830       0xb8 Middlewares/ST/STM32_USB_Device_Library/Core/Src/usbd_core.o
 .debug_aranges
                0x00000000000008e8       0x88 Middlewares/ST/STM32_USB_Device_Library/Core/Src/usbd_ctlreq.o
 .debug_aranges
                0x0000000000000970       0x50 Middlewares/ST/STM32_USB_Device_Library/Core/Src/usbd_ioreq.o
 .debug_aranges
                0x00000000000009c0       0x20 USB_DEVICE/App/usb_device.o
 .debug_aranges
                0x00000000000009e0       0x40 USB_DEVICE/App/usbd_cdc_if.o
 .debug_aranges
                0x0000000000000a20       0x60 USB_DEVICE/App/usbd_desc.o
 .debug_aranges
                0x0000000000000a80      0x118 USB_DEVICE/Target/usbd_conf.o

.debug_ranges   0x0000000000000000      0xa20
 .debug_ranges  0x0000000000000000       0x20 Core/Src/adc.o
 .debug_ranges  0x0000000000000020       0x10 Core/Src/gpio.o
 .debug_ranges  0x0000000000000030       0x20 Core/Src/main.o
 .debug_ranges  0x0000000000000050       0x10 Core/Src/stm32f1xx_hal_msp.o
 .debug_ranges  0x0000000000000060       0x58 Core/Src/stm32f1xx_it.o
 .debug_ranges  0x00000000000000b8       0x18 Core/Src/system_stm32f1xx.o
 .debug_ranges  0x00000000000000d0       0x20 Core/Startup/startup_stm32f103c8tx.o
 .debug_ranges  0x00000000000000f0       0xd0 Drivers/STM32F1xx_HAL_Driver/Src/stm32f1xx_hal.o
 .debug_ranges  0x00000000000001c0       0xe0 Drivers/STM32F1xx_HAL_Driver/Src/stm32f1xx_hal_adc.o
 .debug_ranges  0x00000000000002a0       0xf0 Drivers/STM32F1xx_HAL_Driver/Src/stm32f1xx_hal_cortex.o
 .debug_ranges  0x0000000000000390       0x48 Drivers/STM32F1xx_HAL_Driver/Src/stm32f1xx_hal_gpio.o
 .debug_ranges  0x00000000000003d8      0x110 Drivers/STM32F1xx_HAL_Driver/Src/stm32f1xx_hal_pcd.o
 .debug_ranges  0x00000000000004e8       0x28 Drivers/STM32F1xx_HAL_Driver/Src/stm32f1xx_hal_pcd_ex.o
 .debug_ranges  0x0000000000000510       0x80 Drivers/STM32F1xx_HAL_Driver/Src/stm32f1xx_hal_rcc.o
 .debug_ranges  0x0000000000000590       0x20 Drivers/STM32F1xx_HAL_Driver/Src/stm32f1xx_hal_rcc_ex.o
 .debug_ranges  0x00000000000005b0       0xf8 Drivers/STM32F1xx_HAL_Driver/Src/stm32f1xx_ll_usb.o
 .debug_ranges  0x00000000000006a8       0x80 Middlewares/ST/STM32_USB_Device_Library/Class/CDC/Src/usbd_cdc.o
 .debug_ranges  0x0000000000000728       0xa8 Middlewares/ST/STM32_USB_Device_Library/Core/Src/usbd_core.o
 .debug_ranges  0x00000000000007d0       0x78 Middlewares/ST/STM32_USB_Device_Library/Core/Src/usbd_ctlreq.o
 .debug_ranges  0x0000000000000848       0x40 Middlewares/ST/STM32_USB_Device_Library/Core/Src/usbd_ioreq.o
 .debug_ranges  0x0000000000000888       0x10 USB_DEVICE/App/usb_device.o
 .debug_ranges  0x0000000000000898       0x30 USB_DEVICE/App/usbd_cdc_if.o
 .debug_ranges  0x00000000000008c8       0x50 USB_DEVICE/App/usbd_desc.o
 .debug_ranges  0x0000000000000918      0x108 USB_DEVICE/Target/usbd_conf.o

.debug_macro    0x0000000000000000    0x16ec4
 .debug_macro   0x0000000000000000      0x1cc Core/Src/adc.o
 .debug_macro   0x00000000000001cc      0xa5a Core/Src/adc.o
 .debug_macro   0x0000000000000c26      0x21b Core/Src/adc.o
 .debug_macro   0x0000000000000e41       0x2e Core/Src/adc.o
 .debug_macro   0x0000000000000e6f       0x22 Core/Src/adc.o
 .debug_macro   0x0000000000000e91       0x22 Core/Src/adc.o
 .debug_macro   0x0000000000000eb3       0x8e Core/Src/adc.o
 .debug_macro   0x0000000000000f41       0x51 Core/Src/adc.o
 .debug_macro   0x0000000000000f92       0xef Core/Src/adc.o
 .debug_macro   0x0000000000001081       0x6a Core/Src/adc.o
 .debug_macro   0x00000000000010eb      0x1df Core/Src/adc.o
 .debug_macro   0x00000000000012ca       0x1c Core/Src/adc.o
 .debug_macro   0x00000000000012e6       0x22 Core/Src/adc.o
 .debug_macro   0x0000000000001308       0xc3 Core/Src/adc.o
 .debug_macro   0x00000000000013cb      0xd23 Core/Src/adc.o
 .debug_macro   0x00000000000020ee     0xe09e Core/Src/adc.o
 .debug_macro   0x000000000001018c       0x43 Core/Src/adc.o
 .debug_macro   0x00000000000101cf      0x174 Core/Src/adc.o
 .debug_macro   0x0000000000010343       0x5a Core/Src/adc.o
 .debug_macro   0x000000000001039d      0x5be Core/Src/adc.o
 .debug_macro   0x000000000001095b      0x289 Core/Src/adc.o
 .debug_macro   0x0000000000010be4      0x1cb Core/Src/adc.o
 .debug_macro   0x0000000000010daf      0x114 Core/Src/adc.o
 .debug_macro   0x0000000000010ec3      0x1b2 Core/Src/adc.o
 .debug_macro   0x0000000000011075       0x27 Core/Src/adc.o
 .debug_macro   0x000000000001109c      0x136 Core/Src/adc.o
 .debug_macro   0x00000000000111d2      0x1bc Core/Src/adc.o
 .debug_macro   0x000000000001138e       0x34 Core/Src/adc.o
 .debug_macro   0x00000000000113c2       0x3c Core/Src/adc.o
 .debug_macro   0x00000000000113fe       0x57 Core/Src/adc.o
 .debug_macro   0x0000000000011455      0x46a Core/Src/adc.o
 .debug_macro   0x00000000000118bf      0x1b5 Core/Src/adc.o
 .debug_macro   0x0000000000011a74       0x88 Core/Src/adc.o
 .debug_macro   0x0000000000011afc      0x241 Core/Src/adc.o
 .debug_macro   0x0000000000011d3d      0x141 Core/Src/adc.o
 .debug_macro   0x0000000000011e7e       0x65 Core/Src/adc.o
 .debug_macro   0x0000000000011ee3      0x249 Core/Src/adc.o
 .debug_macro   0x000000000001212c       0x83 Core/Src/adc.o
 .debug_macro   0x00000000000121af       0x7c Core/Src/adc.o
 .debug_macro   0x000000000001222b      0x1cc Core/Src/gpio.o
 .debug_macro   0x00000000000123f7      0x401 Core/Src/main.o
 .debug_macro   0x00000000000127f8       0x46 Core/Src/main.o
 .debug_macro   0x000000000001283e       0x18 Core/Src/main.o
 .debug_macro   0x0000000000012856       0x3c Core/Src/main.o
 .debug_macro   0x0000000000012892       0x34 Core/Src/main.o
 .debug_macro   0x00000000000128c6       0x16 Core/Src/main.o
 .debug_macro   0x00000000000128dc       0x35 Core/Src/main.o
 .debug_macro   0x0000000000012911      0x32a Core/Src/main.o
 .debug_macro   0x0000000000012c3b       0x10 Core/Src/main.o
 .debug_macro   0x0000000000012c4b       0x52 Core/Src/main.o
 .debug_macro   0x0000000000012c9d       0x1f Core/Src/main.o
 .debug_macro   0x0000000000012cbc       0x43 Core/Src/main.o
 .debug_macro   0x0000000000012cff       0x20 Core/Src/main.o
 .debug_macro   0x0000000000012d1f      0x1a3 Core/Src/main.o
 .debug_macro   0x0000000000012ec2       0x10 Core/Src/main.o
 .debug_macro   0x0000000000012ed2       0x1c Core/Src/main.o
 .debug_macro   0x0000000000012eee       0x52 Core/Src/main.o
 .debug_macro   0x0000000000012f40       0x40 Core/Src/main.o
 .debug_macro   0x0000000000012f80       0x10 Core/Src/main.o
 .debug_macro   0x0000000000012f90       0x40 Core/Src/main.o
 .debug_macro   0x0000000000012fd0       0xd7 Core/Src/main.o
 .debug_macro   0x00000000000130a7       0x1c Core/Src/main.o
 .debug_macro   0x00000000000130c3       0x3d Core/Src/main.o
 .debug_macro   0x0000000000013100       0x16 Core/Src/main.o
 .debug_macro   0x0000000000013116      0x145 Core/Src/main.o
 .debug_macro   0x000000000001325b       0x16 Core/Src/main.o
 .debug_macro   0x0000000000013271       0x16 Core/Src/main.o
 .debug_macro   0x0000000000013287       0x29 Core/Src/main.o
 .debug_macro   0x00000000000132b0       0x16 Core/Src/main.o
 .debug_macro   0x00000000000132c6       0x20 Core/Src/main.o
 .debug_macro   0x00000000000132e6       0x60 Core/Src/main.o
 .debug_macro   0x0000000000013346      0x1c8 Core/Src/main.o
 .debug_macro   0x000000000001350e       0x8f Core/Src/main.o
 .debug_macro   0x000000000001359d      0x1c2 Core/Src/stm32f1xx_hal_msp.o
 .debug_macro   0x000000000001375f      0x1cc Core/Src/stm32f1xx_it.o
 .debug_macro   0x000000000001392b      0x1b9 Core/Src/system_stm32f1xx.o
 .debug_macro   0x0000000000013ae4      0x1d7 Drivers/STM32F1xx_HAL_Driver/Src/stm32f1xx_hal.o
 .debug_macro   0x0000000000013cbb      0x1d0 Drivers/STM32F1xx_HAL_Driver/Src/stm32f1xx_hal_adc.o
 .debug_macro   0x0000000000013e8b      0x1b3 Drivers/STM32F1xx_HAL_Driver/Src/stm32f1xx_hal_cortex.o
 .debug_macro   0x000000000001403e      0x21e Drivers/STM32F1xx_HAL_Driver/Src/stm32f1xx_hal_gpio.o
 .debug_macro   0x000000000001425c      0x1bf Drivers/STM32F1xx_HAL_Driver/Src/stm32f1xx_hal_pcd.o
 .debug_macro   0x000000000001441b      0x1b3 Drivers/STM32F1xx_HAL_Driver/Src/stm32f1xx_hal_pcd_ex.o
 .debug_macro   0x00000000000145ce      0x1c5 Drivers/STM32F1xx_HAL_Driver/Src/stm32f1xx_hal_rcc.o
 .debug_macro   0x0000000000014793      0x1b3 Drivers/STM32F1xx_HAL_Driver/Src/stm32f1xx_hal_rcc_ex.o
 .debug_macro   0x0000000000014946      0x1b3 Drivers/STM32F1xx_HAL_Driver/Src/stm32f1xx_ll_usb.o
 .debug_macro   0x0000000000014af9      0x3cf Middlewares/ST/STM32_USB_Device_Library/Class/CDC/Src/usbd_cdc.o
 .debug_macro   0x0000000000014ec8       0x97 Middlewares/ST/STM32_USB_Device_Library/Class/CDC/Src/usbd_cdc.o
 .debug_macro   0x0000000000014f5f       0xfd Middlewares/ST/STM32_USB_Device_Library/Class/CDC/Src/usbd_cdc.o
 .debug_macro   0x000000000001505c       0xbd Middlewares/ST/STM32_USB_Device_Library/Class/CDC/Src/usbd_cdc.o
 .debug_macro   0x0000000000015119       0x54 Middlewares/ST/STM32_USB_Device_Library/Class/CDC/Src/usbd_cdc.o
 .debug_macro   0x000000000001516d      0x3b6 Middlewares/ST/STM32_USB_Device_Library/Core/Src/usbd_core.o
 .debug_macro   0x0000000000015523      0x1ce Middlewares/ST/STM32_USB_Device_Library/Core/Src/usbd_core.o
 .debug_macro   0x00000000000156f1      0x3c0 Middlewares/ST/STM32_USB_Device_Library/Core/Src/usbd_ctlreq.o
 .debug_macro   0x0000000000015ab1      0x3bc Middlewares/ST/STM32_USB_Device_Library/Core/Src/usbd_ioreq.o
 .debug_macro   0x0000000000015e6d      0x3f0 USB_DEVICE/App/usb_device.o
 .debug_macro   0x000000000001625d       0x82 USB_DEVICE/App/usb_device.o
 .debug_macro   0x00000000000162df       0x22 USB_DEVICE/App/usb_device.o
 .debug_macro   0x0000000000016301      0x3e1 USB_DEVICE/App/usbd_cdc_if.o
 .debug_macro   0x00000000000166e2      0x3f3 USB_DEVICE/App/usbd_desc.o
 .debug_macro   0x0000000000016ad5       0x1c USB_DEVICE/App/usbd_desc.o
 .debug_macro   0x0000000000016af1      0x3d3 USB_DEVICE/Target/usbd_conf.o

.debug_line     0x0000000000000000     0xd819
 .debug_line    0x0000000000000000      0x6cc Core/Src/adc.o
 .debug_line    0x00000000000006cc      0x69c Core/Src/gpio.o
 .debug_line    0x0000000000000d68      0xa2e Core/Src/main.o
 .debug_line    0x0000000000001796      0x696 Core/Src/stm32f1xx_hal_msp.o
 .debug_line    0x0000000000001e2c      0x74b Core/Src/stm32f1xx_it.o
 .debug_line    0x0000000000002577      0x6c6 Core/Src/system_stm32f1xx.o
 .debug_line    0x0000000000002c3d       0x84 Core/Startup/startup_stm32f103c8tx.o
 .debug_line    0x0000000000002cc1      0x86e Drivers/STM32F1xx_HAL_Driver/Src/stm32f1xx_hal.o
 .debug_line    0x000000000000352f      0xbc0 Drivers/STM32F1xx_HAL_Driver/Src/stm32f1xx_hal_adc.o
 .debug_line    0x00000000000040ef      0x947 Drivers/STM32F1xx_HAL_Driver/Src/stm32f1xx_hal_cortex.o
 .debug_line    0x0000000000004a36      0x86e Drivers/STM32F1xx_HAL_Driver/Src/stm32f1xx_hal_gpio.o
 .debug_line    0x00000000000052a4      0xb61 Drivers/STM32F1xx_HAL_Driver/Src/stm32f1xx_hal_pcd.o
 .debug_line    0x0000000000005e05      0x6e1 Drivers/STM32F1xx_HAL_Driver/Src/stm32f1xx_hal_pcd_ex.o
 .debug_line    0x00000000000064e6      0x930 Drivers/STM32F1xx_HAL_Driver/Src/stm32f1xx_hal_rcc.o
 .debug_line    0x0000000000006e16      0x74e Drivers/STM32F1xx_HAL_Driver/Src/stm32f1xx_hal_rcc_ex.o
 .debug_line    0x0000000000007564      0xb7a Drivers/STM32F1xx_HAL_Driver/Src/stm32f1xx_ll_usb.o
 .debug_line    0x00000000000080de      0xb58 Middlewares/ST/STM32_USB_Device_Library/Class/CDC/Src/usbd_cdc.o
 .debug_line    0x0000000000008c36      0xb93 Middlewares/ST/STM32_USB_Device_Library/Core/Src/usbd_core.o
 .debug_line    0x00000000000097c9      0xc1c Middlewares/ST/STM32_USB_Device_Library/Core/Src/usbd_ctlreq.o
 .debug_line    0x000000000000a3e5      0x9fc Middlewares/ST/STM32_USB_Device_Library/Core/Src/usbd_ioreq.o
 .debug_line    0x000000000000ade1      0x9de USB_DEVICE/App/usb_device.o
 .debug_line    0x000000000000b7bf      0xa11 USB_DEVICE/App/usbd_cdc_if.o
 .debug_line    0x000000000000c1d0      0xa30 USB_DEVICE/App/usbd_desc.o
 .debug_line    0x000000000000cc00      0xc19 USB_DEVICE/Target/usbd_conf.o

.debug_str      0x0000000000000000    0x7215e
 .debug_str     0x0000000000000000    0x6a305 Core/Src/adc.o
                                      0x6a622 (size before relaxing)
 .debug_str     0x000000000006a305       0x2a Core/Src/gpio.o
                                      0x6a294 (size before relaxing)
 .debug_str     0x000000000006a32f     0x5357 Core/Src/main.o
                                      0x6f9b2 (size before relaxing)
 .debug_str     0x000000000006f686       0x5a Core/Src/stm32f1xx_hal_msp.o
                                      0x6a268 (size before relaxing)
 .debug_str     0x000000000006f6e0      0x385 Core/Src/stm32f1xx_it.o
                                      0x6a5f2 (size before relaxing)
 .debug_str     0x000000000006fa65       0xc2 Core/Src/system_stm32f1xx.o
                                      0x6a129 (size before relaxing)
 .debug_str     0x000000000006fb27       0x36 Core/Startup/startup_stm32f103c8tx.o
                                         0x72 (size before relaxing)
 .debug_str     0x000000000006fb5d      0x61f Drivers/STM32F1xx_HAL_Driver/Src/stm32f1xx_hal.o
                                      0x6a73a (size before relaxing)
 .debug_str     0x000000000007017c      0x363 Drivers/STM32F1xx_HAL_Driver/Src/stm32f1xx_hal_adc.o
                                      0x6a73f (size before relaxing)
 .debug_str     0x00000000000704df      0x2a0 Drivers/STM32F1xx_HAL_Driver/Src/stm32f1xx_hal_cortex.o
                                      0x6a748 (size before relaxing)
 .debug_str     0x000000000007077f      0x340 Drivers/STM32F1xx_HAL_Driver/Src/stm32f1xx_hal_gpio.o
                                      0x6a473 (size before relaxing)
 .debug_str     0x0000000000070abf      0x3af Drivers/STM32F1xx_HAL_Driver/Src/stm32f1xx_hal_pcd.o
                                      0x6a75a (size before relaxing)
 .debug_str     0x0000000000070e6e      0x18d Drivers/STM32F1xx_HAL_Driver/Src/stm32f1xx_hal_pcd_ex.o
                                      0x6a536 (size before relaxing)
 .debug_str     0x0000000000070ffb      0x263 Drivers/STM32F1xx_HAL_Driver/Src/stm32f1xx_hal_rcc.o
                                      0x6a4ac (size before relaxing)
 .debug_str     0x000000000007125e       0xb9 Drivers/STM32F1xx_HAL_Driver/Src/stm32f1xx_hal_rcc_ex.o
                                      0x6a239 (size before relaxing)
 .debug_str     0x0000000000071317      0x304 Drivers/STM32F1xx_HAL_Driver/Src/stm32f1xx_ll_usb.o
                                      0x6a5a0 (size before relaxing)
 .debug_str     0x000000000007161b      0x293 Middlewares/ST/STM32_USB_Device_Library/Class/CDC/Src/usbd_cdc.o
                                      0x6fa48 (size before relaxing)
 .debug_str     0x00000000000718ae      0x1b5 Middlewares/ST/STM32_USB_Device_Library/Core/Src/usbd_core.o
                                      0x6f35c (size before relaxing)
 .debug_str     0x0000000000071a63      0x134 Middlewares/ST/STM32_USB_Device_Library/Core/Src/usbd_ctlreq.o
                                      0x6f2e2 (size before relaxing)
 .debug_str     0x0000000000071b97       0xc9 Middlewares/ST/STM32_USB_Device_Library/Core/Src/usbd_ioreq.o
                                      0x6f26a (size before relaxing)
 .debug_str     0x0000000000071c60       0xc2 USB_DEVICE/App/usb_device.o
                                      0x6f5a5 (size before relaxing)
 .debug_str     0x0000000000071d22       0xb2 USB_DEVICE/App/usbd_cdc_if.o
                                      0x6f609 (size before relaxing)
 .debug_str     0x0000000000071dd4      0x241 USB_DEVICE/App/usbd_desc.o
                                      0x6f1be (size before relaxing)
 .debug_str     0x0000000000072015      0x149 USB_DEVICE/Target/usbd_conf.o
                                      0x6fe6e (size before relaxing)

.comment        0x0000000000000000       0x7b
 .comment       0x0000000000000000       0x7b Core/Src/adc.o
                                         0x7c (size before relaxing)
 .comment       0x000000000000007b       0x7c Core/Src/gpio.o
 .comment       0x000000000000007b       0x7c Core/Src/main.o
 .comment       0x000000000000007b       0x7c Core/Src/stm32f1xx_hal_msp.o
 .comment       0x000000000000007b       0x7c Core/Src/stm32f1xx_it.o
 .comment       0x000000000000007b       0x7c Core/Src/system_stm32f1xx.o
 .comment       0x000000000000007b       0x7c Drivers/STM32F1xx_HAL_Driver/Src/stm32f1xx_hal.o
 .comment       0x000000000000007b       0x7c Drivers/STM32F1xx_HAL_Driver/Src/stm32f1xx_hal_adc.o
 .comment       0x000000000000007b       0x7c Drivers/STM32F1xx_HAL_Driver/Src/stm32f1xx_hal_cortex.o
 .comment       0x000000000000007b       0x7c Drivers/STM32F1xx_HAL_Driver/Src/stm32f1xx_hal_gpio.o
 .comment       0x000000000000007b       0x7c Drivers/STM32F1xx_HAL_Driver/Src/stm32f1xx_hal_pcd.o
 .comment       0x000000000000007b       0x7c Drivers/STM32F1xx_HAL_Driver/Src/stm32f1xx_hal_pcd_ex.o
 .comment       0x000000000000007b       0x7c Drivers/STM32F1xx_HAL_Driver/Src/stm32f1xx_hal_rcc.o
 .comment       0x000000000000007b       0x7c Drivers/STM32F1xx_HAL_Driver/Src/stm32f1xx_hal_rcc_ex.o
 .comment       0x000000000000007b       0x7c Drivers/STM32F1xx_HAL_Driver/Src/stm32f1xx_ll_usb.o
 .comment       0x000000000000007b       0x7c Middlewares/ST/STM32_USB_Device_Library/Class/CDC/Src/usbd_cdc.o
 .comment       0x000000000000007b       0x7c Middlewares/ST/STM32_USB_Device_Library/Core/Src/usbd_core.o
 .comment       0x000000000000007b       0x7c Middlewares/ST/STM32_USB_Device_Library/Core/Src/usbd_ctlreq.o
 .comment       0x000000000000007b       0x7c Middlewares/ST/STM32_USB_Device_Library/Core/Src/usbd_ioreq.o
 .comment       0x000000000000007b       0x7c USB_DEVICE/App/usb_device.o
 .comment       0x000000000000007b       0x7c USB_DEVICE/App/usbd_cdc_if.o
 .comment       0x000000000000007b       0x7c USB_DEVICE/App/usbd_desc.o
 .comment       0x000000000000007b       0x7c USB_DEVICE/Target/usbd_conf.o

.debug_frame    0x0000000000000000     0x2c5c
 .debug_frame   0x0000000000000000       0x7c Core/Src/adc.o
 .debug_frame   0x000000000000007c       0x34 Core/Src/gpio.o
 .debug_frame   0x00000000000000b0       0x74 Core/Src/main.o
 .debug_frame   0x0000000000000124       0x38 Core/Src/stm32f1xx_hal_msp.o
 .debug_frame   0x000000000000015c      0x128 Core/Src/stm32f1xx_it.o
 .debug_frame   0x0000000000000284       0x58 Core/Src/system_stm32f1xx.o
 .debug_frame   0x00000000000002dc      0x334 Drivers/STM32F1xx_HAL_Driver/Src/stm32f1xx_hal.o
 .debug_frame   0x0000000000000610      0x40c Drivers/STM32F1xx_HAL_Driver/Src/stm32f1xx_hal_adc.o
 .debug_frame   0x0000000000000a1c      0x428 Drivers/STM32F1xx_HAL_Driver/Src/stm32f1xx_hal_cortex.o
 .debug_frame   0x0000000000000e44      0x14c Drivers/STM32F1xx_HAL_Driver/Src/stm32f1xx_hal_gpio.o
 .debug_frame   0x0000000000000f90      0x500 Drivers/STM32F1xx_HAL_Driver/Src/stm32f1xx_hal_pcd.o
 .debug_frame   0x0000000000001490       0xb0 Drivers/STM32F1xx_HAL_Driver/Src/stm32f1xx_hal_pcd_ex.o
 .debug_frame   0x0000000000001540      0x21c Drivers/STM32F1xx_HAL_Driver/Src/stm32f1xx_hal_rcc.o
 .debug_frame   0x000000000000175c       0x84 Drivers/STM32F1xx_HAL_Driver/Src/stm32f1xx_hal_rcc_ex.o
 .debug_frame   0x00000000000017e0      0x4d8 Drivers/STM32F1xx_HAL_Driver/Src/stm32f1xx_ll_usb.o
 .debug_frame   0x0000000000001cb8      0x248 Middlewares/ST/STM32_USB_Device_Library/Class/CDC/Src/usbd_cdc.o
 .debug_frame   0x0000000000001f00      0x300 Middlewares/ST/STM32_USB_Device_Library/Core/Src/usbd_core.o
 .debug_frame   0x0000000000002200      0x218 Middlewares/ST/STM32_USB_Device_Library/Core/Src/usbd_ctlreq.o
 .debug_frame   0x0000000000002418      0x10c Middlewares/ST/STM32_USB_Device_Library/Core/Src/usbd_ioreq.o
 .debug_frame   0x0000000000002524       0x2c USB_DEVICE/App/usb_device.o
 .debug_frame   0x0000000000002550       0xbc USB_DEVICE/App/usbd_cdc_if.o
 .debug_frame   0x000000000000260c      0x160 USB_DEVICE/App/usbd_desc.o
 .debug_frame   0x000000000000276c      0x4a4 USB_DEVICE/Target/usbd_conf.o
 .debug_frame   0x0000000000002c10       0x2c /Applications/STM32CubeIDE.app/Contents/Eclipse/plugins/com.st.stm32cube.ide.mcu.externaltools.gnu-tools-for-stm32.7-2018-q2-update.macos64_1.0.0.201904181610/tools/bin/../lib/gcc/arm-none-eabi/7.3.1/../../../../arm-none-eabi/lib/thumb/v7-m/libc_nano.a(lib_a-init.o)
 .debug_frame   0x0000000000002c3c       0x20 /Applications/STM32CubeIDE.app/Contents/Eclipse/plugins/com.st.stm32cube.ide.mcu.externaltools.gnu-tools-for-stm32.7-2018-q2-update.macos64_1.0.0.201904181610/tools/bin/../lib/gcc/arm-none-eabi/7.3.1/../../../../arm-none-eabi/lib/thumb/v7-m/libc_nano.a(lib_a-memset.o)
